Epoch 1 [0/22] Loss(NLL): 5429.372070
Epoch 1 [20/22] Loss(NLL): 478.860870
Epoch 1 Train NLL: 776.415363
VAL  RMSE:0.0120  MAE:0.0092  IC:0.0391  RIC:0.0350  NLL:-2.75388  CRPS:0.00691  Sharp(σ):0.00762  PICP90:0.746|Gap:0.154  PICP95:0.798|Gap:0.152  AURC:0.01071
--- New best model (by VAL NLL) ---
Epoch 2 [0/22] Loss(NLL): 1757.666992
Epoch 2 [20/22] Loss(NLL): 196.377075
Epoch 2 Train NLL: 370.047770
VAL  RMSE:0.0094  MAE:0.0076  IC:0.1280  RIC:0.1161  NLL:-3.06594  CRPS:0.00545  Sharp(σ):0.00714  PICP90:0.809|Gap:0.091  PICP95:0.867|Gap:0.083  AURC:0.00859
--- New best model (by VAL NLL) ---
Epoch 3 [0/22] Loss(NLL): 103.917030
Epoch 3 [20/22] Loss(NLL): 209.248672
Epoch 3 Train NLL: 98.106828
VAL  RMSE:0.0153  MAE:0.0132  IC:0.1319  RIC:0.0876  NLL:-2.03010  CRPS:0.00994  Sharp(σ):0.00758  PICP90:0.480|Gap:0.420  PICP95:0.607|Gap:0.343  AURC:0.01417
Epoch 4 [0/22] Loss(NLL): 185.556107
Epoch 4 [20/22] Loss(NLL): 215.372421
Epoch 4 Train NLL: 101.661533
VAL  RMSE:0.0162  MAE:0.0142  IC:0.1395  RIC:0.0982  NLL:-1.24742  CRPS:0.01109  Sharp(σ):0.00661  PICP90:0.364|Gap:0.536  PICP95:0.434|Gap:0.516  AURC:0.01441
Epoch 5 [0/22] Loss(NLL): 144.273285
Epoch 5 [20/22] Loss(NLL): 182.078201
Epoch 5 Train NLL: 96.249885
VAL  RMSE:0.0133  MAE:0.0112  IC:0.1404  RIC:0.1058  NLL:-2.43720  CRPS:0.00831  Sharp(σ):0.00716  PICP90:0.578|Gap:0.322  PICP95:0.688|Gap:0.262  AURC:0.01199
Epoch 6 [0/22] Loss(NLL): 105.546814
Epoch 6 [20/22] Loss(NLL): 158.640823
Epoch 6 Train NLL: 75.513734
VAL  RMSE:0.0125  MAE:0.0104  IC:0.1375  RIC:0.0791  NLL:-2.51201  CRPS:0.00770  Sharp(σ):0.00712  PICP90:0.630|Gap:0.270  PICP95:0.717|Gap:0.233  AURC:0.01075
Epoch 7 [0/22] Loss(NLL): 116.392990
Epoch 7 [20/22] Loss(NLL): 172.818573
Epoch 7 Train NLL: 68.866654
VAL  RMSE:0.0126  MAE:0.0105  IC:0.1405  RIC:0.0992  NLL:-2.40169  CRPS:0.00787  Sharp(σ):0.00666  PICP90:0.566|Gap:0.334  PICP95:0.688|Gap:0.262  AURC:0.01191
Epoch 8 [0/22] Loss(NLL): 90.302521
Epoch 8 [20/22] Loss(NLL): 156.387924
Epoch 8 Train NLL: 61.518597
VAL  RMSE:0.0158  MAE:0.0139  IC:0.1438  RIC:0.1482  NLL:-1.97267  CRPS:0.01045  Sharp(σ):0.00751  PICP90:0.428|Gap:0.472  PICP95:0.572|Gap:0.378  AURC:0.01300
Epoch 9 [0/22] Loss(NLL): 87.502205
Epoch 9 [20/22] Loss(NLL): 164.051331
Epoch 9 Train NLL: 59.702523
VAL  RMSE:0.0148  MAE:0.0130  IC:0.1380  RIC:0.0999  NLL:-2.02911  CRPS:0.00965  Sharp(σ):0.00746  PICP90:0.445|Gap:0.455  PICP95:0.618|Gap:0.332  AURC:0.01290
Epoch 10 [0/22] Loss(NLL): 64.243706
Epoch 10 [20/22] Loss(NLL): 153.292313
Epoch 10 Train NLL: 50.933144
VAL  RMSE:0.0124  MAE:0.0104  IC:0.1480  RIC:0.1086  NLL:-2.62456  CRPS:0.00757  Sharp(σ):0.00745  PICP90:0.647|Gap:0.253  PICP95:0.775|Gap:0.175  AURC:0.01104
Epoch 11 [0/22] Loss(NLL): 60.951641
Epoch 11 [20/22] Loss(NLL): 154.894638
Epoch 11 Train NLL: 45.171380
VAL  RMSE:0.0114  MAE:0.0093  IC:0.1448  RIC:0.1349  NLL:-2.89718  CRPS:0.00673  Sharp(σ):0.00745  PICP90:0.723|Gap:0.177  PICP95:0.827|Gap:0.123  AURC:0.00977
Epoch 12 [0/22] Loss(NLL): 53.764732
Epoch 12 [20/22] Loss(NLL): 145.043808
Epoch 12 Train NLL: 40.282432
VAL  RMSE:0.0111  MAE:0.0091  IC:0.1383  RIC:0.0992  NLL:-2.78644  CRPS:0.00662  Sharp(σ):0.00692  PICP90:0.699|Gap:0.201  PICP95:0.815|Gap:0.135  AURC:0.00983
Epoch 13 [0/22] Loss(NLL): 42.984459
Epoch 13 [20/22] Loss(NLL): 143.354980
Epoch 13 Train NLL: 40.346060
VAL  RMSE:0.0100  MAE:0.0080  IC:0.1376  RIC:0.0773  NLL:-2.99635  CRPS:0.00580  Sharp(σ):0.00706  PICP90:0.775|Gap:0.125  PICP95:0.867|Gap:0.083  AURC:0.00888
Epoch 14 [0/22] Loss(NLL): 49.419689
Epoch 14 [20/22] Loss(NLL): 145.964096
Epoch 14 Train NLL: 37.323814
VAL  RMSE:0.0106  MAE:0.0086  IC:0.1406  RIC:0.1249  NLL:-3.01376  CRPS:0.00621  Sharp(σ):0.00721  PICP90:0.763|Gap:0.137  PICP95:0.838|Gap:0.112  AURC:0.00998
Epoch 15 [0/22] Loss(NLL): 38.763557
Epoch 15 [20/22] Loss(NLL): 140.783920
Epoch 15 Train NLL: 34.082644
VAL  RMSE:0.0096  MAE:0.0077  IC:0.1196  RIC:0.0624  NLL:-3.12673  CRPS:0.00548  Sharp(σ):0.00724  PICP90:0.809|Gap:0.091  PICP95:0.884|Gap:0.066  AURC:0.00878
--- New best model (by VAL NLL) ---
Epoch 16 [0/22] Loss(NLL): 44.142727
Epoch 16 [20/22] Loss(NLL): 145.583084
Epoch 16 Train NLL: 34.748983
VAL  RMSE:0.0097  MAE:0.0077  IC:0.1226  RIC:0.0982  NLL:-3.13418  CRPS:0.00554  Sharp(σ):0.00695  PICP90:0.803|Gap:0.097  PICP95:0.867|Gap:0.083  AURC:0.00871
--- New best model (by VAL NLL) ---
Epoch 17 [0/22] Loss(NLL): 35.653057
Epoch 17 [20/22] Loss(NLL): 146.686066
Epoch 17 Train NLL: 30.504406
VAL  RMSE:0.0099  MAE:0.0079  IC:0.1125  RIC:0.1165  NLL:-3.17002  CRPS:0.00567  Sharp(σ):0.00719  PICP90:0.815|Gap:0.085  PICP95:0.867|Gap:0.083  AURC:0.00936
--- New best model (by VAL NLL) ---
Epoch 18 [0/22] Loss(NLL): 33.000504
Epoch 18 [20/22] Loss(NLL): 138.452896
Epoch 18 Train NLL: 33.486706
VAL  RMSE:0.0099  MAE:0.0077  IC:0.0983  RIC:0.1048  NLL:-3.20155  CRPS:0.00566  Sharp(σ):0.00696  PICP90:0.815|Gap:0.085  PICP95:0.867|Gap:0.083  AURC:0.00980
--- New best model (by VAL NLL) ---
Epoch 19 [0/22] Loss(NLL): 39.021172
Epoch 19 [20/22] Loss(NLL): 125.315575
Epoch 19 Train NLL: 29.974223
VAL  RMSE:0.0087  MAE:0.0068  IC:0.1020  RIC:0.1224  NLL:-3.33536  CRPS:0.00488  Sharp(σ):0.00740  PICP90:0.861|Gap:0.039  PICP95:0.908|Gap:0.042  AURC:0.00786
--- New best model (by VAL NLL) ---
Epoch 20 [0/22] Loss(NLL): 35.420002
Epoch 20 [20/22] Loss(NLL): 132.457123
Epoch 20 Train NLL: 33.945358
VAL  RMSE:0.0084  MAE:0.0066  IC:0.0887  RIC:0.0565  NLL:-3.42334  CRPS:0.00476  Sharp(σ):0.00795  PICP90:0.879|Gap:0.021  PICP95:0.942|Gap:0.008  AURC:0.00689
--- New best model (by VAL NLL) ---
Epoch 21 [0/22] Loss(NLL): 42.413040
Epoch 21 [20/22] Loss(NLL): 153.320282
Epoch 21 Train NLL: 39.905369
VAL  RMSE:0.0089  MAE:0.0072  IC:0.1127  RIC:0.1229  NLL:-3.20574  CRPS:0.00511  Sharp(σ):0.00740  PICP90:0.832|Gap:0.068  PICP95:0.867|Gap:0.083  AURC:0.00831
Epoch 22 [0/22] Loss(NLL): 33.201645
Epoch 22 [20/22] Loss(NLL): 181.853790
Epoch 22 Train NLL: 49.631405
VAL  RMSE:0.0109  MAE:0.0089  IC:0.1028  RIC:0.1204  NLL:-2.54872  CRPS:0.00649  Sharp(σ):0.00748  PICP90:0.723|Gap:0.177  PICP95:0.809|Gap:0.141  AURC:0.01146
Epoch 23 [0/22] Loss(NLL): 38.882820
Epoch 23 [20/22] Loss(NLL): 255.268005
Epoch 23 Train NLL: 63.459800
VAL  RMSE:0.0093  MAE:0.0073  IC:0.1088  RIC:0.1206  NLL:-3.30048  CRPS:0.00522  Sharp(σ):0.00796  PICP90:0.838|Gap:0.062  PICP95:0.896|Gap:0.054  AURC:0.00793
Epoch 24 [0/22] Loss(NLL): 135.451355
Epoch 24 [20/22] Loss(NLL): 236.290390
Epoch 24 Train NLL: 77.011132
VAL  RMSE:0.0256  MAE:0.0238  IC:0.1188  RIC:0.1419  NLL:2.01060  CRPS:0.01952  Sharp(σ):0.00806  PICP90:0.127|Gap:0.773  PICP95:0.231|Gap:0.719  AURC:0.02463
Epoch 25 [0/22] Loss(NLL): 63.305801
Epoch 25 [20/22] Loss(NLL): 411.336395
Epoch 25 Train NLL: 121.994858
VAL  RMSE:0.0154  MAE:0.0130  IC:0.0854  RIC:0.0833  NLL:-1.29610  CRPS:0.01007  Sharp(σ):0.00729  PICP90:0.439|Gap:0.461  PICP95:0.572|Gap:0.378  AURC:0.01560
Epoch 26 [0/22] Loss(NLL): 81.111038
Epoch 26 [20/22] Loss(NLL): 264.232635
Epoch 26 Train NLL: 94.417330
VAL  RMSE:0.0101  MAE:0.0083  IC:0.1145  RIC:0.1080  NLL:-3.06419  CRPS:0.00594  Sharp(σ):0.00748  PICP90:0.751|Gap:0.149  PICP95:0.867|Gap:0.083  AURC:0.00892
Epoch 27 [0/22] Loss(NLL): 1475.142456
Epoch 27 [20/22] Loss(NLL): 156.978607
Epoch 27 Train NLL: 174.044495
VAL  RMSE:0.0111  MAE:0.0092  IC:-0.0158  RIC:-0.0113  NLL:-2.95785  CRPS:0.00657  Sharp(σ):0.00784  PICP90:0.717|Gap:0.183  PICP95:0.821|Gap:0.129  AURC:0.00984
Epoch 28 [0/22] Loss(NLL): 560.137756
Epoch 28 [20/22] Loss(NLL): 121.129379
Epoch 28 Train NLL: 97.257439
VAL  RMSE:0.0140  MAE:0.0119  IC:0.0395  RIC:0.0261  NLL:-2.50084  CRPS:0.00882  Sharp(σ):0.00761  PICP90:0.538|Gap:0.362  PICP95:0.671|Gap:0.279  AURC:0.01368
Epoch 29 [0/22] Loss(NLL): 52.051048
Epoch 29 [20/22] Loss(NLL): 128.700790
Epoch 29 Train NLL: 64.432715
VAL  RMSE:0.0076  MAE:0.0058  IC:0.0252  RIC:-0.0167  NLL:-3.51463  CRPS:0.00424  Sharp(σ):0.00808  PICP90:0.902|Gap:0.002  PICP95:0.942|Gap:0.008  AURC:0.00623
--- New best model (by VAL NLL) ---
Epoch 30 [0/22] Loss(NLL): 29.760252
Epoch 30 [20/22] Loss(NLL): 119.489624
Epoch 30 Train NLL: 24.054054
VAL  RMSE:0.0083  MAE:0.0065  IC:0.0462  RIC:0.0383  NLL:-3.35490  CRPS:0.00460  Sharp(σ):0.00791  PICP90:0.884|Gap:0.016  PICP95:0.942|Gap:0.008  AURC:0.00748
Epoch 31 [0/22] Loss(NLL): 41.443958
Epoch 31 [20/22] Loss(NLL): 121.444221
Epoch 31 Train NLL: 26.409553
VAL  RMSE:0.0083  MAE:0.0064  IC:0.1064  RIC:0.1266  NLL:-3.42778  CRPS:0.00457  Sharp(σ):0.00726  PICP90:0.879|Gap:0.021  PICP95:0.925|Gap:0.025  AURC:0.00825
Epoch 32 [0/22] Loss(NLL): 26.928509
Epoch 32 [20/22] Loss(NLL): 128.990646
Epoch 32 Train NLL: 24.654113
VAL  RMSE:0.0095  MAE:0.0075  IC:0.0774  RIC:0.0582  NLL:-3.08583  CRPS:0.00543  Sharp(σ):0.00698  PICP90:0.803|Gap:0.097  PICP95:0.890|Gap:0.060  AURC:0.00857
Epoch 33 [0/22] Loss(NLL): 28.410126
Epoch 33 [20/22] Loss(NLL): 113.305107
Epoch 33 Train NLL: 25.588450
VAL  RMSE:0.0091  MAE:0.0071  IC:0.1407  RIC:0.1272  NLL:-3.27101  CRPS:0.00510  Sharp(σ):0.00738  PICP90:0.861|Gap:0.039  PICP95:0.908|Gap:0.042  AURC:0.00800
Epoch 34 [0/22] Loss(NLL): 26.944149
Epoch 34 [20/22] Loss(NLL): 134.146149
Epoch 34 Train NLL: 27.912647
VAL  RMSE:0.0095  MAE:0.0075  IC:0.0745  RIC:0.0508  NLL:-3.12718  CRPS:0.00542  Sharp(σ):0.00729  PICP90:0.832|Gap:0.068  PICP95:0.890|Gap:0.060  AURC:0.00798
Epoch 35 [0/22] Loss(NLL): 24.206440
Epoch 35 [20/22] Loss(NLL): 122.390656
Epoch 35 Train NLL: 30.232725
VAL  RMSE:0.0093  MAE:0.0074  IC:0.0297  RIC:0.0447  NLL:-3.05368  CRPS:0.00528  Sharp(σ):0.00707  PICP90:0.815|Gap:0.085  PICP95:0.879|Gap:0.071  AURC:0.00754
Epoch 36 [0/22] Loss(NLL): 21.157038
Epoch 36 [20/22] Loss(NLL): 121.568359
Epoch 36 Train NLL: 28.093108
VAL  RMSE:0.0086  MAE:0.0067  IC:0.1252  RIC:0.0926  NLL:-3.33219  CRPS:0.00477  Sharp(σ):0.00807  PICP90:0.896|Gap:0.004  PICP95:0.925|Gap:0.025  AURC:0.00779
Epoch 37 [0/22] Loss(NLL): 22.881342
Epoch 37 [20/22] Loss(NLL): 112.868713
Epoch 37 Train NLL: 28.912231
VAL  RMSE:0.0099  MAE:0.0078  IC:0.1122  RIC:0.1286  NLL:-3.21650  CRPS:0.00563  Sharp(σ):0.00746  PICP90:0.827|Gap:0.073  PICP95:0.896|Gap:0.054  AURC:0.00970
Epoch 38 [0/22] Loss(NLL): 18.547720
Epoch 38 [20/22] Loss(NLL): 119.866135
Epoch 38 Train NLL: 32.561866
VAL  RMSE:0.0110  MAE:0.0090  IC:0.0258  RIC:0.0363  NLL:-2.57359  CRPS:0.00649  Sharp(σ):0.00743  PICP90:0.751|Gap:0.149  PICP95:0.809|Gap:0.141  AURC:0.01116
Epoch 39 [0/22] Loss(NLL): 23.569637
Epoch 39 [20/22] Loss(NLL): 111.146538
Epoch 39 Train NLL: 31.480484
VAL  RMSE:0.0108  MAE:0.0088  IC:0.1480  RIC:0.1504  NLL:-2.98725  CRPS:0.00633  Sharp(σ):0.00740  PICP90:0.769|Gap:0.131  PICP95:0.861|Gap:0.089  AURC:0.00902
Epoch 40 [0/22] Loss(NLL): 26.670336
Epoch 40 [20/22] Loss(NLL): 116.976051
Epoch 40 Train NLL: 35.756990
VAL  RMSE:0.0091  MAE:0.0072  IC:0.0628  RIC:0.0372  NLL:-3.14742  CRPS:0.00512  Sharp(σ):0.00737  PICP90:0.844|Gap:0.056  PICP95:0.908|Gap:0.042  AURC:0.00835
Epoch 41 [0/22] Loss(NLL): 24.713387
Epoch 41 [20/22] Loss(NLL): 120.955284
Epoch 41 Train NLL: 35.032954
VAL  RMSE:0.0124  MAE:0.0104  IC:0.1547  RIC:0.1402  NLL:-2.60558  CRPS:0.00761  Sharp(σ):0.00712  PICP90:0.601|Gap:0.299  PICP95:0.740|Gap:0.210  AURC:0.01062
Epoch 42 [0/22] Loss(NLL): 25.165947
Epoch 42 [20/22] Loss(NLL): 117.469284
Epoch 42 Train NLL: 36.501209
VAL  RMSE:0.0096  MAE:0.0076  IC:0.1796  RIC:0.1663  NLL:-3.14646  CRPS:0.00550  Sharp(σ):0.00682  PICP90:0.786|Gap:0.114  PICP95:0.884|Gap:0.066  AURC:0.00855
Epoch 43 [0/22] Loss(NLL): 24.326344
Epoch 43 [20/22] Loss(NLL): 108.670029
Epoch 43 Train NLL: 35.054846
VAL  RMSE:0.0110  MAE:0.0089  IC:0.1254  RIC:0.1490  NLL:-3.06222  CRPS:0.00646  Sharp(σ):0.00737  PICP90:0.746|Gap:0.154  PICP95:0.832|Gap:0.118  AURC:0.01077
Epoch 44 [0/22] Loss(NLL): 21.545395
Epoch 44 [20/22] Loss(NLL): 106.314499
Epoch 44 Train NLL: 28.763457
VAL  RMSE:0.0092  MAE:0.0073  IC:0.1758  RIC:0.1955  NLL:-3.30957  CRPS:0.00520  Sharp(σ):0.00717  PICP90:0.844|Gap:0.056  PICP95:0.913|Gap:0.037  AURC:0.00705
Epoch 45 [0/22] Loss(NLL): 34.719658
Epoch 45 [20/22] Loss(NLL): 100.595108
Epoch 45 Train NLL: 29.014816
VAL  RMSE:0.0078  MAE:0.0061  IC:0.2571  RIC:0.2348  NLL:-3.45931  CRPS:0.00433  Sharp(σ):0.00737  PICP90:0.884|Gap:0.016  PICP95:0.942|Gap:0.008  AURC:0.00707
Epoch 46 [0/22] Loss(NLL): 28.810627
Epoch 46 [20/22] Loss(NLL): 104.690392
Epoch 46 Train NLL: 24.450810
VAL  RMSE:0.0073  MAE:0.0056  IC:0.1865  RIC:0.1443  NLL:-3.52652  CRPS:0.00409  Sharp(σ):0.00763  PICP90:0.902|Gap:0.002  PICP95:0.931|Gap:0.019  AURC:0.00610
--- New best model (by VAL NLL) ---
Epoch 47 [0/22] Loss(NLL): 41.117958
Epoch 47 [20/22] Loss(NLL): 100.833473
Epoch 47 Train NLL: 23.169395
VAL  RMSE:0.0081  MAE:0.0062  IC:0.0685  RIC:0.1417  NLL:-3.30148  CRPS:0.00455  Sharp(σ):0.00684  PICP90:0.827|Gap:0.073  PICP95:0.867|Gap:0.083  AURC:0.00761
Epoch 48 [0/22] Loss(NLL): 23.304453
Epoch 48 [20/22] Loss(NLL): 102.574326
Epoch 48 Train NLL: 19.225105
VAL  RMSE:0.0079  MAE:0.0062  IC:0.1718  RIC:0.1632  NLL:-3.47101  CRPS:0.00449  Sharp(σ):0.00698  PICP90:0.832|Gap:0.068  PICP95:0.896|Gap:0.054  AURC:0.00775
Epoch 49 [0/22] Loss(NLL): 28.462128
Epoch 49 [20/22] Loss(NLL): 109.643005
Epoch 49 Train NLL: 22.281232
VAL  RMSE:0.0072  MAE:0.0055  IC:0.3065  RIC:0.2422  NLL:-3.53995  CRPS:0.00400  Sharp(σ):0.00759  PICP90:0.908|Gap:0.008  PICP95:0.931|Gap:0.019  AURC:0.00676
--- New best model (by VAL NLL) ---
Epoch 50 [0/22] Loss(NLL): 20.974064
Epoch 50 [20/22] Loss(NLL): 120.008194
Epoch 50 Train NLL: 23.877504
VAL  RMSE:0.0076  MAE:0.0060  IC:0.2454  RIC:0.2341  NLL:-3.46877  CRPS:0.00429  Sharp(σ):0.00712  PICP90:0.861|Gap:0.039  PICP95:0.913|Gap:0.037  AURC:0.00675
Epoch 51 [0/22] Loss(NLL): 25.127411
Epoch 51 [20/22] Loss(NLL): 133.222595
Epoch 51 Train NLL: 31.704236
VAL  RMSE:0.0083  MAE:0.0066  IC:0.1354  RIC:0.0873  NLL:-3.44961  CRPS:0.00474  Sharp(σ):0.00722  PICP90:0.827|Gap:0.073  PICP95:0.913|Gap:0.037  AURC:0.00782
Epoch 52 [0/22] Loss(NLL): 29.608076
Epoch 52 [20/22] Loss(NLL): 149.668915
Epoch 52 Train NLL: 39.121652
VAL  RMSE:0.0154  MAE:0.0138  IC:0.1230  RIC:0.0885  NLL:-2.17121  CRPS:0.01033  Sharp(σ):0.00739  PICP90:0.434|Gap:0.466  PICP95:0.555|Gap:0.395  AURC:0.01178
Epoch 53 [0/22] Loss(NLL): 55.943726
Epoch 53 [20/22] Loss(NLL): 163.920151
Epoch 53 Train NLL: 28.750550
VAL  RMSE:0.0081  MAE:0.0064  IC:0.0995  RIC:0.0573  NLL:-3.35172  CRPS:0.00461  Sharp(σ):0.00672  PICP90:0.844|Gap:0.056  PICP95:0.890|Gap:0.060  AURC:0.00750
Epoch 54 [0/22] Loss(NLL): 184.806839
Epoch 54 [20/22] Loss(NLL): 158.328598
Epoch 54 Train NLL: 74.058861
VAL  RMSE:0.0181  MAE:0.0168  IC:0.3174  RIC:0.3068  NLL:-0.90004  CRPS:0.01302  Sharp(σ):0.00744  PICP90:0.225|Gap:0.675  PICP95:0.364|Gap:0.586  AURC:0.01603
Epoch 55 [0/22] Loss(NLL): 105.359558
Epoch 55 [20/22] Loss(NLL): 100.666458
Epoch 55 Train NLL: 25.676594
VAL  RMSE:0.0074  MAE:0.0057  IC:0.2291  RIC:0.1773  NLL:-3.55722  CRPS:0.00413  Sharp(σ):0.00721  PICP90:0.884|Gap:0.016  PICP95:0.913|Gap:0.037  AURC:0.00624
--- New best model (by VAL NLL) ---
Epoch 56 [0/22] Loss(NLL): 24.323978
Epoch 56 [20/22] Loss(NLL): 96.528976
Epoch 56 Train NLL: 17.475537
VAL  RMSE:0.0085  MAE:0.0068  IC:0.2216  RIC:0.1768  NLL:-3.43324  CRPS:0.00483  Sharp(σ):0.00753  PICP90:0.832|Gap:0.068  PICP95:0.919|Gap:0.031  AURC:0.00838
Epoch 57 [0/22] Loss(NLL): 23.679413
Epoch 57 [20/22] Loss(NLL): 95.945862
Epoch 57 Train NLL: 19.096890
VAL  RMSE:0.0073  MAE:0.0056  IC:0.3198  RIC:0.3017  NLL:-3.56882  CRPS:0.00403  Sharp(σ):0.00744  PICP90:0.925|Gap:0.025  PICP95:0.948|Gap:0.002  AURC:0.00590
--- New best model (by VAL NLL) ---
Epoch 58 [0/22] Loss(NLL): 41.925941
Epoch 58 [20/22] Loss(NLL): 87.787392
Epoch 58 Train NLL: 21.491033
VAL  RMSE:0.0081  MAE:0.0064  IC:0.3122  RIC:0.3013  NLL:-3.45447  CRPS:0.00453  Sharp(σ):0.00778  PICP90:0.913|Gap:0.013  PICP95:0.942|Gap:0.008  AURC:0.00783
Epoch 59 [0/22] Loss(NLL): 38.978691
Epoch 59 [20/22] Loss(NLL): 85.087036
Epoch 59 Train NLL: 18.185610
VAL  RMSE:0.0073  MAE:0.0057  IC:0.3416  RIC:0.2819  NLL:-3.49893  CRPS:0.00408  Sharp(σ):0.00692  PICP90:0.879|Gap:0.021  PICP95:0.931|Gap:0.019  AURC:0.00677
Epoch 60 [0/22] Loss(NLL): 62.275570
Epoch 60 [20/22] Loss(NLL): 80.595757
Epoch 60 Train NLL: 22.924784
VAL  RMSE:0.0071  MAE:0.0055  IC:0.3067  RIC:0.2626  NLL:-3.54786  CRPS:0.00399  Sharp(σ):0.00765  PICP90:0.896|Gap:0.004  PICP95:0.954|Gap:0.004  AURC:0.00604
Epoch 61 [0/22] Loss(NLL): 38.081055
Epoch 61 [20/22] Loss(NLL): 90.731979
Epoch 61 Train NLL: 27.323119
VAL  RMSE:0.0080  MAE:0.0062  IC:0.3588  RIC:0.3223  NLL:-3.42317  CRPS:0.00444  Sharp(σ):0.00761  PICP90:0.908|Gap:0.008  PICP95:0.942|Gap:0.008  AURC:0.00723
Epoch 62 [0/22] Loss(NLL): 38.366810
Epoch 62 [20/22] Loss(NLL): 118.457092
Epoch 62 Train NLL: 33.510034
VAL  RMSE:0.0123  MAE:0.0102  IC:0.2824  RIC:0.2816  NLL:-2.89816  CRPS:0.00744  Sharp(σ):0.00748  PICP90:0.630|Gap:0.270  PICP95:0.780|Gap:0.170  AURC:0.01115
Epoch 63 [0/22] Loss(NLL): 29.531898
Epoch 63 [20/22] Loss(NLL): 103.116783
Epoch 63 Train NLL: 40.960872
VAL  RMSE:0.0099  MAE:0.0079  IC:0.2576  RIC:0.2787  NLL:-3.31066  CRPS:0.00561  Sharp(σ):0.00807  PICP90:0.838|Gap:0.062  PICP95:0.902|Gap:0.048  AURC:0.00784
Epoch 64 [0/22] Loss(NLL): 21.393064
Epoch 64 [20/22] Loss(NLL): 106.710220
Epoch 64 Train NLL: 40.146247
VAL  RMSE:0.0101  MAE:0.0083  IC:0.4461  RIC:0.4203  NLL:-3.17091  CRPS:0.00586  Sharp(σ):0.00745  PICP90:0.798|Gap:0.102  PICP95:0.884|Gap:0.066  AURC:0.00797
Epoch 65 [0/22] Loss(NLL): 33.226097
Epoch 65 [20/22] Loss(NLL): 57.969784
Epoch 65 Train NLL: 19.830037
VAL  RMSE:0.0066  MAE:0.0051  IC:0.4869  RIC:0.4695  NLL:-3.60716  CRPS:0.00367  Sharp(σ):0.00708  PICP90:0.908|Gap:0.008  PICP95:0.948|Gap:0.002  AURC:0.00595
--- New best model (by VAL NLL) ---
Epoch 66 [0/22] Loss(NLL): 34.670441
Epoch 66 [20/22] Loss(NLL): 116.318832
Epoch 66 Train NLL: 28.321610
VAL  RMSE:0.0078  MAE:0.0063  IC:0.2970  RIC:0.2240  NLL:-3.45882  CRPS:0.00441  Sharp(σ):0.00749  PICP90:0.896|Gap:0.004  PICP95:0.936|Gap:0.014  AURC:0.00661
Epoch 67 [0/22] Loss(NLL): 214.501755
Epoch 67 [20/22] Loss(NLL): 162.350250
Epoch 67 Train NLL: 55.112072
VAL  RMSE:0.0092  MAE:0.0075  IC:0.2173  RIC:0.1528  NLL:-3.33242  CRPS:0.00528  Sharp(σ):0.00736  PICP90:0.798|Gap:0.102  PICP95:0.884|Gap:0.066  AURC:0.00780
Epoch 68 [0/22] Loss(NLL): 122.310371
Epoch 68 [20/22] Loss(NLL): 77.857819
Epoch 68 Train NLL: 85.799511
VAL  RMSE:0.0220  MAE:0.0210  IC:0.4372  RIC:0.4382  NLL:0.12361  CRPS:0.01688  Sharp(σ):0.00739  PICP90:0.098|Gap:0.802  PICP95:0.168|Gap:0.782  AURC:0.01846
Epoch 69 [0/22] Loss(NLL): 17.918980
Epoch 69 [20/22] Loss(NLL): 73.682159
Epoch 69 Train NLL: 30.912185
VAL  RMSE:0.0092  MAE:0.0078  IC:0.5714  RIC:0.5225  NLL:-3.22458  CRPS:0.00540  Sharp(σ):0.00759  PICP90:0.827|Gap:0.073  PICP95:0.902|Gap:0.048  AURC:0.00786
Epoch 70 [0/22] Loss(NLL): 48.298012
Epoch 70 [20/22] Loss(NLL): 68.124611
Epoch 70 Train NLL: 19.445909
VAL  RMSE:0.0080  MAE:0.0064  IC:0.6607  RIC:0.5985  NLL:-3.41675  CRPS:0.00448  Sharp(σ):0.00717  PICP90:0.873|Gap:0.027  PICP95:0.931|Gap:0.019  AURC:0.00759
Epoch 71 [0/22] Loss(NLL): 22.068542
Epoch 71 [20/22] Loss(NLL): 66.796600
Epoch 71 Train NLL: 11.259241
VAL  RMSE:0.0073  MAE:0.0058  IC:0.5705  RIC:0.5266  NLL:-3.55898  CRPS:0.00409  Sharp(σ):0.00697  PICP90:0.919|Gap:0.019  PICP95:0.936|Gap:0.014  AURC:0.00664
Epoch 72 [0/22] Loss(NLL): 18.496477
Epoch 72 [20/22] Loss(NLL): 56.159668
Epoch 72 Train NLL: 10.089847
VAL  RMSE:0.0070  MAE:0.0056  IC:0.4688  RIC:0.4026  NLL:-3.61772  CRPS:0.00393  Sharp(σ):0.00687  PICP90:0.896|Gap:0.004  PICP95:0.942|Gap:0.008  AURC:0.00552
--- New best model (by VAL NLL) ---
Epoch 73 [0/22] Loss(NLL): 16.274593
Epoch 73 [20/22] Loss(NLL): 41.527912
Epoch 73 Train NLL: 8.411425
VAL  RMSE:0.0081  MAE:0.0066  IC:0.5885  RIC:0.5470  NLL:-3.48126  CRPS:0.00460  Sharp(σ):0.00767  PICP90:0.896|Gap:0.004  PICP95:0.936|Gap:0.014  AURC:0.00791
Epoch 74 [0/22] Loss(NLL): 17.729580
Epoch 74 [20/22] Loss(NLL): 43.351830
Epoch 74 Train NLL: 8.472872
VAL  RMSE:0.0058  MAE:0.0045  IC:0.6592  RIC:0.6049  NLL:-3.71471  CRPS:0.00332  Sharp(σ):0.00775  PICP90:0.948|Gap:0.048  PICP95:0.988|Gap:0.038  AURC:0.00509
--- New best model (by VAL NLL) ---
Epoch 75 [0/22] Loss(NLL): 17.015011
Epoch 75 [20/22] Loss(NLL): 37.814529
Epoch 75 Train NLL: 7.673242
VAL  RMSE:0.0056  MAE:0.0044  IC:0.6750  RIC:0.6191  NLL:-3.72680  CRPS:0.00321  Sharp(σ):0.00689  PICP90:0.948|Gap:0.048  PICP95:0.983|Gap:0.033  AURC:0.00546
--- New best model (by VAL NLL) ---
Epoch 76 [0/22] Loss(NLL): 15.018331
Epoch 76 [20/22] Loss(NLL): 35.332565
Epoch 76 Train NLL: 6.902162
VAL  RMSE:0.0056  MAE:0.0044  IC:0.6824  RIC:0.6025  NLL:-3.71763  CRPS:0.00323  Sharp(σ):0.00727  PICP90:0.965|Gap:0.065  PICP95:0.994|Gap:0.044  AURC:0.00489
Epoch 77 [0/22] Loss(NLL): 16.946739
Epoch 77 [20/22] Loss(NLL): 34.628899
Epoch 77 Train NLL: 7.111130
VAL  RMSE:0.0058  MAE:0.0046  IC:0.7026  RIC:0.6405  NLL:-3.71572  CRPS:0.00329  Sharp(σ):0.00730  PICP90:0.960|Gap:0.060  PICP95:0.988|Gap:0.038  AURC:0.00480
Epoch 78 [0/22] Loss(NLL): 16.966419
Epoch 78 [20/22] Loss(NLL): 31.975231
Epoch 78 Train NLL: 6.575037
VAL  RMSE:0.0057  MAE:0.0045  IC:0.6886  RIC:0.6119  NLL:-3.70874  CRPS:0.00322  Sharp(σ):0.00669  PICP90:0.954|Gap:0.054  PICP95:0.977|Gap:0.027  AURC:0.00492
Epoch 79 [0/22] Loss(NLL): 19.017963
Epoch 79 [20/22] Loss(NLL): 27.300106
Epoch 79 Train NLL: 6.156520
VAL  RMSE:0.0058  MAE:0.0047  IC:0.7189  RIC:0.6549  NLL:-3.67602  CRPS:0.00334  Sharp(σ):0.00744  PICP90:0.960|Gap:0.060  PICP95:0.988|Gap:0.038  AURC:0.00555
Epoch 80 [0/22] Loss(NLL): 17.180799
Epoch 80 [20/22] Loss(NLL): 24.913181
Epoch 80 Train NLL: 6.501572
VAL  RMSE:0.0056  MAE:0.0044  IC:0.7348  RIC:0.6636  NLL:-3.72728  CRPS:0.00323  Sharp(σ):0.00754  PICP90:0.977|Gap:0.077  PICP95:0.994|Gap:0.044  AURC:0.00487
--- New best model (by VAL NLL) ---
Epoch 81 [0/22] Loss(NLL): 22.171635
Epoch 81 [20/22] Loss(NLL): 27.559330
Epoch 81 Train NLL: 7.412851
VAL  RMSE:0.0054  MAE:0.0042  IC:0.7420  RIC:0.6859  NLL:-3.71782  CRPS:0.00313  Sharp(σ):0.00770  PICP90:0.971|Gap:0.071  PICP95:0.994|Gap:0.044  AURC:0.00462
Epoch 82 [0/22] Loss(NLL): 31.240978
Epoch 82 [20/22] Loss(NLL): 37.399269
Epoch 82 Train NLL: 11.281979
VAL  RMSE:0.0057  MAE:0.0046  IC:0.6745  RIC:0.6154  NLL:-3.73745  CRPS:0.00325  Sharp(σ):0.00682  PICP90:0.954|Gap:0.054  PICP95:0.977|Gap:0.027  AURC:0.00525
--- New best model (by VAL NLL) ---
Epoch 83 [0/22] Loss(NLL): 41.447563
Epoch 83 [20/22] Loss(NLL): 51.355106
Epoch 83 Train NLL: 20.285971
VAL  RMSE:0.0058  MAE:0.0047  IC:0.6631  RIC:0.6194  NLL:-3.63905  CRPS:0.00335  Sharp(σ):0.00772  PICP90:0.965|Gap:0.065  PICP95:1.000|Gap:0.050  AURC:0.00453
Epoch 84 [0/22] Loss(NLL): 22.883274
Epoch 84 [20/22] Loss(NLL): 64.325050
Epoch 84 Train NLL: 26.732678
VAL  RMSE:0.0064  MAE:0.0050  IC:0.6498  RIC:0.6088  NLL:-3.65609  CRPS:0.00361  Sharp(σ):0.00758  PICP90:0.948|Gap:0.048  PICP95:0.977|Gap:0.027  AURC:0.00531
Epoch 85 [0/22] Loss(NLL): 17.815161
Epoch 85 [20/22] Loss(NLL): 23.812143
Epoch 85 Train NLL: 16.263476
VAL  RMSE:0.0070  MAE:0.0056  IC:0.5395  RIC:0.5063  NLL:-3.43722  CRPS:0.00390  Sharp(σ):0.00752  PICP90:0.942|Gap:0.042  PICP95:0.960|Gap:0.010  AURC:0.00487
Epoch 86 [0/22] Loss(NLL): 45.844769
Epoch 86 [20/22] Loss(NLL): 64.819397
Epoch 86 Train NLL: 16.822746
VAL  RMSE:0.0061  MAE:0.0048  IC:0.7407  RIC:0.6549  NLL:-3.71883  CRPS:0.00348  Sharp(σ):0.00694  PICP90:0.919|Gap:0.019  PICP95:0.971|Gap:0.021  AURC:0.00589
Epoch 87 [0/22] Loss(NLL): 89.791321
Epoch 87 [20/22] Loss(NLL): 106.987381
Epoch 87 Train NLL: 43.526623
VAL  RMSE:0.0114  MAE:0.0100  IC:0.6324  RIC:0.5571  NLL:-2.67663  CRPS:0.00716  Sharp(σ):0.00712  PICP90:0.624|Gap:0.276  PICP95:0.757|Gap:0.193  AURC:0.01073
Epoch 88 [0/22] Loss(NLL): 322.344574
Epoch 88 [20/22] Loss(NLL): 70.058395
Epoch 88 Train NLL: 59.081679
VAL  RMSE:0.0060  MAE:0.0047  IC:0.6378  RIC:0.5523  NLL:-3.66199  CRPS:0.00344  Sharp(σ):0.00782  PICP90:0.948|Gap:0.048  PICP95:0.994|Gap:0.044  AURC:0.00544
Epoch 89 [0/22] Loss(NLL): 18.387341
Epoch 89 [20/22] Loss(NLL): 149.393356
Epoch 89 Train NLL: 47.245898
VAL  RMSE:0.0386  MAE:0.0376  IC:0.2414  RIC:0.1717  NLL:10.83419  CRPS:0.03339  Sharp(σ):0.00752  PICP90:0.000|Gap:0.900  PICP95:0.000|Gap:0.950  AURC:0.03564
Epoch 90 [0/22] Loss(NLL): 79.122833
Epoch 90 [20/22] Loss(NLL): 38.223751
Epoch 90 Train NLL: 47.373266
VAL  RMSE:0.0070  MAE:0.0057  IC:0.7703  RIC:0.7002  NLL:-3.56185  CRPS:0.00401  Sharp(σ):0.00833  PICP90:0.948|Gap:0.048  PICP95:0.988|Gap:0.038  AURC:0.00679
Epoch 91 [0/22] Loss(NLL): 28.121908
Epoch 91 [20/22] Loss(NLL): 49.346661
Epoch 91 Train NLL: 13.245297
VAL  RMSE:0.0111  MAE:0.0098  IC:0.7226  RIC:0.6424  NLL:-3.02284  CRPS:0.00690  Sharp(σ):0.00727  PICP90:0.671|Gap:0.229  PICP95:0.815|Gap:0.135  AURC:0.00903
Epoch 92 [0/22] Loss(NLL): 51.176422
Epoch 92 [20/22] Loss(NLL): 71.242432
Epoch 92 Train NLL: 31.791929
VAL  RMSE:0.0052  MAE:0.0041  IC:0.7775  RIC:0.7154  NLL:-3.75801  CRPS:0.00306  Sharp(σ):0.00760  PICP90:0.994|Gap:0.094  PICP95:1.000|Gap:0.050  AURC:0.00453
--- New best model (by VAL NLL) ---
Epoch 93 [0/22] Loss(NLL): 24.279661
Epoch 93 [20/22] Loss(NLL): 182.834320
Epoch 93 Train NLL: 53.887419
VAL  RMSE:0.0196  MAE:0.0182  IC:0.4119  RIC:0.3260  NLL:-0.96314  CRPS:0.01448  Sharp(σ):0.00702  PICP90:0.214|Gap:0.686  PICP95:0.324|Gap:0.626  AURC:0.01495
Epoch 94 [0/22] Loss(NLL): 55.037682
Epoch 94 [20/22] Loss(NLL): 63.515724
Epoch 94 Train NLL: 30.442097
VAL  RMSE:0.0078  MAE:0.0065  IC:0.6920  RIC:0.6288  NLL:-3.52080  CRPS:0.00449  Sharp(σ):0.00744  PICP90:0.890|Gap:0.010  PICP95:0.942|Gap:0.008  AURC:0.00633
Epoch 95 [0/22] Loss(NLL): 166.258286
Epoch 95 [20/22] Loss(NLL): 81.438087
Epoch 95 Train NLL: 64.052244
VAL  RMSE:0.0059  MAE:0.0046  IC:0.7263  RIC:0.6705  NLL:-3.70950  CRPS:0.00337  Sharp(σ):0.00728  PICP90:0.960|Gap:0.060  PICP95:0.988|Gap:0.038  AURC:0.00573
Epoch 96 [0/22] Loss(NLL): 77.117020
Epoch 96 [20/22] Loss(NLL): 27.883522
Epoch 96 Train NLL: 22.648812
VAL  RMSE:0.0050  MAE:0.0038  IC:0.7807  RIC:0.7220  NLL:-3.75845  CRPS:0.00299  Sharp(σ):0.00787  PICP90:0.983|Gap:0.083  PICP95:1.000|Gap:0.050  AURC:0.00422
--- New best model (by VAL NLL) ---
Epoch 97 [0/22] Loss(NLL): 24.768236
Epoch 97 [20/22] Loss(NLL): 43.422798
Epoch 97 Train NLL: 14.227880
VAL  RMSE:0.0071  MAE:0.0057  IC:0.6240  RIC:0.5723  NLL:-3.38812  CRPS:0.00405  Sharp(σ):0.00735  PICP90:0.908|Gap:0.008  PICP95:0.954|Gap:0.004  AURC:0.00739
Epoch 98 [0/22] Loss(NLL): 28.327343
Epoch 98 [20/22] Loss(NLL): 49.905289
Epoch 98 Train NLL: 13.105522
VAL  RMSE:0.0055  MAE:0.0043  IC:0.7118  RIC:0.6419  NLL:-3.70734  CRPS:0.00322  Sharp(σ):0.00799  PICP90:0.965|Gap:0.065  PICP95:0.994|Gap:0.044  AURC:0.00458
Epoch 99 [0/22] Loss(NLL): 27.510492
Epoch 99 [20/22] Loss(NLL): 35.832970
Epoch 99 Train NLL: 11.540013
VAL  RMSE:0.0065  MAE:0.0053  IC:0.7453  RIC:0.6793  NLL:-3.65683  CRPS:0.00371  Sharp(σ):0.00715  PICP90:0.931|Gap:0.031  PICP95:0.960|Gap:0.010  AURC:0.00653
Epoch 100 [0/22] Loss(NLL): 15.709130
Epoch 100 [20/22] Loss(NLL): 27.577507
Epoch 100 Train NLL: 7.859357
VAL  RMSE:0.0096  MAE:0.0084  IC:0.7113  RIC:0.6446  NLL:-3.00852  CRPS:0.00579  Sharp(σ):0.00695  PICP90:0.769|Gap:0.131  PICP95:0.913|Gap:0.037  AURC:0.00765
Epoch 101 [0/22] Loss(NLL): 24.500069
Epoch 101 [20/22] Loss(NLL): 27.977377
Epoch 101 Train NLL: 9.530549
VAL  RMSE:0.0113  MAE:0.0102  IC:0.7220  RIC:0.6710  NLL:-2.56549  CRPS:0.00714  Sharp(σ):0.00728  PICP90:0.636|Gap:0.264  PICP95:0.775|Gap:0.175  AURC:0.01086
Epoch 102 [0/22] Loss(NLL): 61.037823
Epoch 102 [20/22] Loss(NLL): 36.998291
Epoch 102 Train NLL: 21.186651
VAL  RMSE:0.0126  MAE:0.0117  IC:0.7912  RIC:0.7534  NLL:-2.67604  CRPS:0.00821  Sharp(σ):0.00763  PICP90:0.584|Gap:0.316  PICP95:0.780|Gap:0.170  AURC:0.01165
Epoch 103 [0/22] Loss(NLL): 40.952255
Epoch 103 [20/22] Loss(NLL): 24.043377
Epoch 103 Train NLL: 17.882721
VAL  RMSE:0.0070  MAE:0.0059  IC:0.7946  RIC:0.7580  NLL:-3.55998  CRPS:0.00399  Sharp(σ):0.00751  PICP90:0.936|Gap:0.036  PICP95:0.954|Gap:0.004  AURC:0.00632
Epoch 104 [0/22] Loss(NLL): 22.138777
Epoch 104 [20/22] Loss(NLL): 28.414316
Epoch 104 Train NLL: 16.388885
VAL  RMSE:0.0078  MAE:0.0066  IC:0.7609  RIC:0.7126  NLL:-3.36399  CRPS:0.00446  Sharp(σ):0.00768  PICP90:0.913|Gap:0.013  PICP95:0.965|Gap:0.015  AURC:0.00724
Epoch 105 [0/22] Loss(NLL): 14.801709
Epoch 105 [20/22] Loss(NLL): 29.296701
Epoch 105 Train NLL: 8.291331
VAL  RMSE:0.0056  MAE:0.0044  IC:0.7599  RIC:0.6993  NLL:-3.70534  CRPS:0.00326  Sharp(σ):0.00785  PICP90:0.971|Gap:0.071  PICP95:0.994|Gap:0.044  AURC:0.00508
Epoch 106 [0/22] Loss(NLL): 24.942722
Epoch 106 [20/22] Loss(NLL): 20.399326
Epoch 106 Train NLL: 7.040950
VAL  RMSE:0.0066  MAE:0.0054  IC:0.7365  RIC:0.6795  NLL:-3.50258  CRPS:0.00379  Sharp(σ):0.00764  PICP90:0.936|Gap:0.036  PICP95:0.977|Gap:0.027  AURC:0.00647
Epoch 107 [0/22] Loss(NLL): 15.821448
Epoch 107 [20/22] Loss(NLL): 23.445400
Epoch 107 Train NLL: 6.768072
VAL  RMSE:0.0069  MAE:0.0058  IC:0.8096  RIC:0.7535  NLL:-3.55056  CRPS:0.00394  Sharp(σ):0.00747  PICP90:0.931|Gap:0.031  PICP95:0.977|Gap:0.027  AURC:0.00618
Epoch 108 [0/22] Loss(NLL): 15.955884
Epoch 108 [20/22] Loss(NLL): 23.547281
Epoch 108 Train NLL: 10.324490
VAL  RMSE:0.0054  MAE:0.0042  IC:0.8024  RIC:0.7549  NLL:-3.80553  CRPS:0.00308  Sharp(σ):0.00688  PICP90:0.965|Gap:0.065  PICP95:0.988|Gap:0.038  AURC:0.00441
--- New best model (by VAL NLL) ---
Epoch 109 [0/22] Loss(NLL): 13.073681
Epoch 109 [20/22] Loss(NLL): 23.347368
Epoch 109 Train NLL: 3.967110
VAL  RMSE:0.0070  MAE:0.0059  IC:0.7949  RIC:0.7380  NLL:-3.50924  CRPS:0.00400  Sharp(σ):0.00727  PICP90:0.942|Gap:0.042  PICP95:0.971|Gap:0.021  AURC:0.00636
Epoch 110 [0/22] Loss(NLL): 16.727856
Epoch 110 [20/22] Loss(NLL): 16.165775
Epoch 110 Train NLL: 3.589249
VAL  RMSE:0.0096  MAE:0.0082  IC:0.7035  RIC:0.6554  NLL:-3.41761  CRPS:0.00560  Sharp(σ):0.00773  PICP90:0.838|Gap:0.062  PICP95:0.936|Gap:0.014  AURC:0.00683
Epoch 111 [0/22] Loss(NLL): 14.034799
Epoch 111 [20/22] Loss(NLL): 21.113037
Epoch 111 Train NLL: 5.483380
VAL  RMSE:0.0064  MAE:0.0051  IC:0.7218  RIC:0.6628  NLL:-3.66971  CRPS:0.00365  Sharp(σ):0.00768  PICP90:0.954|Gap:0.054  PICP95:0.977|Gap:0.027  AURC:0.00607
Epoch 112 [0/22] Loss(NLL): 22.157213
Epoch 112 [20/22] Loss(NLL): 21.323559
Epoch 112 Train NLL: 7.240825
VAL  RMSE:0.0045  MAE:0.0035  IC:0.8161  RIC:0.7485  NLL:-3.82478  CRPS:0.00269  Sharp(σ):0.00690  PICP90:0.971|Gap:0.071  PICP95:0.994|Gap:0.044  AURC:0.00413
--- New best model (by VAL NLL) ---
Epoch 113 [0/22] Loss(NLL): 28.867735
Epoch 113 [20/22] Loss(NLL): 22.468233
Epoch 113 Train NLL: 6.988458
VAL  RMSE:0.0054  MAE:0.0043  IC:0.8373  RIC:0.7838  NLL:-3.68134  CRPS:0.00318  Sharp(σ):0.00777  PICP90:0.983|Gap:0.083  PICP95:0.994|Gap:0.044  AURC:0.00525
Epoch 114 [0/22] Loss(NLL): 13.671156
Epoch 114 [20/22] Loss(NLL): 31.741589
Epoch 114 Train NLL: 9.176333
VAL  RMSE:0.0050  MAE:0.0039  IC:0.7996  RIC:0.7391  NLL:-3.78806  CRPS:0.00292  Sharp(σ):0.00707  PICP90:0.983|Gap:0.083  PICP95:0.983|Gap:0.033  AURC:0.00462
Epoch 115 [0/22] Loss(NLL): 43.221439
Epoch 115 [20/22] Loss(NLL): 34.165939
Epoch 115 Train NLL: 13.852873
VAL  RMSE:0.0052  MAE:0.0042  IC:0.7656  RIC:0.7099  NLL:-3.81798  CRPS:0.00301  Sharp(σ):0.00699  PICP90:0.977|Gap:0.077  PICP95:0.988|Gap:0.038  AURC:0.00445
Epoch 116 [0/22] Loss(NLL): 17.094072
Epoch 116 [20/22] Loss(NLL): 20.177076
Epoch 116 Train NLL: 8.006943
VAL  RMSE:0.0112  MAE:0.0105  IC:0.8434  RIC:0.8185  NLL:-2.71202  CRPS:0.00727  Sharp(σ):0.00686  PICP90:0.613|Gap:0.287  PICP95:0.809|Gap:0.141  AURC:0.00947
Epoch 117 [0/22] Loss(NLL): 32.716301
Epoch 117 [20/22] Loss(NLL): 24.010859
Epoch 117 Train NLL: 12.515681
VAL  RMSE:0.0060  MAE:0.0048  IC:0.7874  RIC:0.7118  NLL:-3.74107  CRPS:0.00339  Sharp(σ):0.00698  PICP90:0.948|Gap:0.048  PICP95:0.983|Gap:0.033  AURC:0.00485
Epoch 118 [0/22] Loss(NLL): 30.674295
Epoch 118 [20/22] Loss(NLL): 15.096100
Epoch 118 Train NLL: 11.168508
VAL  RMSE:0.0049  MAE:0.0041  IC:0.7668  RIC:0.6857  NLL:-3.74881  CRPS:0.00292  Sharp(σ):0.00721  PICP90:0.977|Gap:0.077  PICP95:0.994|Gap:0.044  AURC:0.00477
Epoch 119 [0/22] Loss(NLL): 18.574467
Epoch 119 [20/22] Loss(NLL): 22.031582
Epoch 119 Train NLL: 8.668675
VAL  RMSE:0.0049  MAE:0.0041  IC:0.7932  RIC:0.7204  NLL:-3.74066  CRPS:0.00286  Sharp(σ):0.00701  PICP90:0.994|Gap:0.094  PICP95:1.000|Gap:0.050  AURC:0.00403
Epoch 120 [0/22] Loss(NLL): 21.717979
Epoch 120 [20/22] Loss(NLL): 34.314388
Epoch 120 Train NLL: 16.218153
VAL  RMSE:0.0133  MAE:0.0126  IC:0.8314  RIC:0.7902  NLL:-2.60839  CRPS:0.00895  Sharp(σ):0.00748  PICP90:0.474|Gap:0.426  PICP95:0.705|Gap:0.245  AURC:0.01061
Epoch 121 [0/22] Loss(NLL): 24.192923
Epoch 121 [20/22] Loss(NLL): 32.681091
Epoch 121 Train NLL: 11.600943
VAL  RMSE:0.0058  MAE:0.0048  IC:0.8360  RIC:0.7981  NLL:-3.64830  CRPS:0.00336  Sharp(σ):0.00728  PICP90:0.971|Gap:0.071  PICP95:1.000|Gap:0.050  AURC:0.00487
Epoch 122 [0/22] Loss(NLL): 12.637199
Epoch 122 [20/22] Loss(NLL): 27.596369
Epoch 122 Train NLL: 4.237729
VAL  RMSE:0.0055  MAE:0.0044  IC:0.8029  RIC:0.7389  NLL:-3.74335  CRPS:0.00322  Sharp(σ):0.00793  PICP90:0.988|Gap:0.088  PICP95:1.000|Gap:0.050  AURC:0.00434
Epoch 123 [0/22] Loss(NLL): 13.580494
Epoch 123 [20/22] Loss(NLL): 17.921394
Epoch 123 Train NLL: 2.641415
VAL  RMSE:0.0043  MAE:0.0034  IC:0.8487  RIC:0.7909  NLL:-3.82379  CRPS:0.00267  Sharp(σ):0.00749  PICP90:0.994|Gap:0.094  PICP95:1.000|Gap:0.050  AURC:0.00373
Epoch 124 [0/22] Loss(NLL): 12.548232
Epoch 124 [20/22] Loss(NLL): 16.180956
Epoch 124 Train NLL: 2.829846
VAL  RMSE:0.0049  MAE:0.0040  IC:0.7771  RIC:0.7117  NLL:-3.75298  CRPS:0.00295  Sharp(σ):0.00773  PICP90:0.988|Gap:0.088  PICP95:1.000|Gap:0.050  AURC:0.00392
Epoch 125 [0/22] Loss(NLL): 13.620767
Epoch 125 [20/22] Loss(NLL): 16.674997
Epoch 125 Train NLL: 2.808485
VAL  RMSE:0.0041  MAE:0.0032  IC:0.8530  RIC:0.8101  NLL:-3.83062  CRPS:0.00263  Sharp(σ):0.00777  PICP90:1.000|Gap:0.100  PICP95:1.000|Gap:0.050  AURC:0.00341
--- New best model (by VAL NLL) ---
Epoch 126 [0/22] Loss(NLL): 14.145498
Epoch 126 [20/22] Loss(NLL): 13.674000
Epoch 126 Train NLL: 3.031570
VAL  RMSE:0.0041  MAE:0.0033  IC:0.8529  RIC:0.8196  NLL:-3.84297  CRPS:0.00256  Sharp(σ):0.00718  PICP90:1.000|Gap:0.100  PICP95:1.000|Gap:0.050  AURC:0.00392
--- New best model (by VAL NLL) ---
Epoch 127 [0/22] Loss(NLL): 15.995881
Epoch 127 [20/22] Loss(NLL): 12.580764
Epoch 127 Train NLL: 2.977315
VAL  RMSE:0.0043  MAE:0.0034  IC:0.8202  RIC:0.7709  NLL:-3.81624  CRPS:0.00263  Sharp(σ):0.00721  PICP90:0.994|Gap:0.094  PICP95:1.000|Gap:0.050  AURC:0.00388
Epoch 128 [0/22] Loss(NLL): 14.791299
Epoch 128 [20/22] Loss(NLL): 15.557805
Epoch 128 Train NLL: 2.666412
VAL  RMSE:0.0046  MAE:0.0038  IC:0.8035  RIC:0.7386  NLL:-3.75864  CRPS:0.00282  Sharp(σ):0.00750  PICP90:0.994|Gap:0.094  PICP95:1.000|Gap:0.050  AURC:0.00466
Epoch 129 [0/22] Loss(NLL): 13.506382
Epoch 129 [20/22] Loss(NLL): 13.046802
Epoch 129 Train NLL: 2.720240
VAL  RMSE:0.0052  MAE:0.0042  IC:0.8301  RIC:0.7670  NLL:-3.72626  CRPS:0.00309  Sharp(σ):0.00762  PICP90:0.988|Gap:0.088  PICP95:0.994|Gap:0.044  AURC:0.00465
Epoch 130 [0/22] Loss(NLL): 9.313330
Epoch 130 [20/22] Loss(NLL): 13.885212
Epoch 130 Train NLL: 5.556482
VAL  RMSE:0.0045  MAE:0.0036  IC:0.8317  RIC:0.7722  NLL:-3.78784  CRPS:0.00278  Sharp(σ):0.00765  PICP90:0.994|Gap:0.094  PICP95:1.000|Gap:0.050  AURC:0.00417
Epoch 131 [0/22] Loss(NLL): 13.469192
Epoch 131 [20/22] Loss(NLL): 15.721545
Epoch 131 Train NLL: 9.774186
VAL  RMSE:0.0038  MAE:0.0029  IC:0.8730  RIC:0.8278  NLL:-3.93137  CRPS:0.00234  Sharp(σ):0.00664  PICP90:0.994|Gap:0.094  PICP95:1.000|Gap:0.050  AURC:0.00341
--- New best model (by VAL NLL) ---
Epoch 132 [0/22] Loss(NLL): 9.374531
Epoch 132 [20/22] Loss(NLL): 32.422878
Epoch 132 Train NLL: 12.098457
VAL  RMSE:0.0075  MAE:0.0063  IC:0.7933  RIC:0.7396  NLL:-3.61206  CRPS:0.00432  Sharp(σ):0.00704  PICP90:0.896|Gap:0.004  PICP95:0.965|Gap:0.015  AURC:0.00699
Epoch 133 [0/22] Loss(NLL): 7.490872
Epoch 133 [20/22] Loss(NLL): 32.784103
Epoch 133 Train NLL: 14.085828
VAL  RMSE:0.0044  MAE:0.0036  IC:0.8238  RIC:0.7686  NLL:-3.82501  CRPS:0.00270  Sharp(σ):0.00715  PICP90:0.988|Gap:0.088  PICP95:0.994|Gap:0.044  AURC:0.00424
Epoch 134 [0/22] Loss(NLL): 3.768417
Epoch 134 [20/22] Loss(NLL): 20.787073
Epoch 134 Train NLL: 5.075228
VAL  RMSE:0.0051  MAE:0.0043  IC:0.7401  RIC:0.6678  NLL:-3.75010  CRPS:0.00300  Sharp(σ):0.00721  PICP90:0.994|Gap:0.094  PICP95:0.994|Gap:0.044  AURC:0.00454
Epoch 135 [0/22] Loss(NLL): 6.409743
Epoch 135 [20/22] Loss(NLL): 17.274624
Epoch 135 Train NLL: 5.329232
VAL  RMSE:0.0066  MAE:0.0055  IC:0.7946  RIC:0.7280  NLL:-3.46337  CRPS:0.00381  Sharp(σ):0.00797  PICP90:0.983|Gap:0.083  PICP95:0.994|Gap:0.044  AURC:0.00485
Epoch 136 [0/22] Loss(NLL): 38.325195
Epoch 136 [20/22] Loss(NLL): 14.848539
Epoch 136 Train NLL: 9.600556
VAL  RMSE:0.0098  MAE:0.0090  IC:0.8543  RIC:0.8071  NLL:-3.07698  CRPS:0.00606  Sharp(σ):0.00718  PICP90:0.746|Gap:0.154  PICP95:0.925|Gap:0.025  AURC:0.00872
Epoch 137 [0/22] Loss(NLL): 39.860619
Epoch 137 [20/22] Loss(NLL): 20.827686
Epoch 137 Train NLL: 18.898071
VAL  RMSE:0.0058  MAE:0.0050  IC:0.8845  RIC:0.8524  NLL:-3.67072  CRPS:0.00336  Sharp(σ):0.00718  PICP90:0.977|Gap:0.077  PICP95:0.994|Gap:0.044  AURC:0.00549
Epoch 138 [0/22] Loss(NLL): 24.225864
Epoch 138 [20/22] Loss(NLL): 38.199902
Epoch 138 Train NLL: 9.662335
VAL  RMSE:0.0044  MAE:0.0034  IC:0.8657  RIC:0.8246  NLL:-3.84870  CRPS:0.00264  Sharp(σ):0.00705  PICP90:0.994|Gap:0.094  PICP95:1.000|Gap:0.050  AURC:0.00396
Epoch 139 [0/22] Loss(NLL): 9.624166
Epoch 139 [20/22] Loss(NLL): 23.806763
Epoch 139 Train NLL: 3.986545
VAL  RMSE:0.0038  MAE:0.0030  IC:0.8665  RIC:0.8188  NLL:-3.87221  CRPS:0.00246  Sharp(σ):0.00738  PICP90:1.000|Gap:0.100  PICP95:1.000|Gap:0.050  AURC:0.00346
Epoch 140 [0/22] Loss(NLL): 16.672266
Epoch 140 [20/22] Loss(NLL): 26.679100
Epoch 140 Train NLL: 9.201065
VAL  RMSE:0.0050  MAE:0.0040  IC:0.8506  RIC:0.7859  NLL:-3.74224  CRPS:0.00296  Sharp(σ):0.00740  PICP90:0.988|Gap:0.088  PICP95:1.000|Gap:0.050  AURC:0.00428
Epoch 141 [0/22] Loss(NLL): 44.783875
Epoch 141 [20/22] Loss(NLL): 62.283695
Epoch 141 Train NLL: 17.512706
VAL  RMSE:0.0143  MAE:0.0136  IC:0.8387  RIC:0.7898  NLL:-2.06673  CRPS:0.00999  Sharp(σ):0.00703  PICP90:0.335|Gap:0.565  PICP95:0.509|Gap:0.441  AURC:0.01333
Epoch 142 [0/22] Loss(NLL): 72.357376
Epoch 142 [20/22] Loss(NLL): 51.964676
Epoch 142 Train NLL: 25.666618
VAL  RMSE:0.0153  MAE:0.0145  IC:0.7798  RIC:0.7094  NLL:-1.43297  CRPS:0.01065  Sharp(σ):0.00764  PICP90:0.358|Gap:0.542  PICP95:0.532|Gap:0.418  AURC:0.01487
Epoch 143 [0/22] Loss(NLL): 58.011353
Epoch 143 [20/22] Loss(NLL): 45.569733
Epoch 143 Train NLL: 17.530683
VAL  RMSE:0.0059  MAE:0.0049  IC:0.8051  RIC:0.7385  NLL:-3.61367  CRPS:0.00340  Sharp(σ):0.00750  PICP90:0.977|Gap:0.077  PICP95:1.000|Gap:0.050  AURC:0.00486
Epoch 144 [0/22] Loss(NLL): 25.278931
Epoch 144 [20/22] Loss(NLL): 30.196032
Epoch 144 Train NLL: 11.816417
VAL  RMSE:0.0039  MAE:0.0031  IC:0.8673  RIC:0.8073  NLL:-3.84897  CRPS:0.00249  Sharp(σ):0.00739  PICP90:1.000|Gap:0.100  PICP95:1.000|Gap:0.050  AURC:0.00351
Epoch 145 [0/22] Loss(NLL): 18.756327
Epoch 145 [20/22] Loss(NLL): 52.199387
Epoch 145 Train NLL: 10.383985
VAL  RMSE:0.0087  MAE:0.0076  IC:0.8114  RIC:0.7481  NLL:-3.22200  CRPS:0.00513  Sharp(σ):0.00726  PICP90:0.850|Gap:0.050  PICP95:0.942|Gap:0.008  AURC:0.00703
Epoch 146 [0/22] Loss(NLL): 12.138370
Epoch 146 [20/22] Loss(NLL): 17.378305
Epoch 146 Train NLL: 4.044291
VAL  RMSE:0.0055  MAE:0.0048  IC:0.8864  RIC:0.8494  NLL:-3.68306  CRPS:0.00330  Sharp(σ):0.00804  PICP90:0.994|Gap:0.094  PICP95:1.000|Gap:0.050  AURC:0.00479
Epoch 147 [0/22] Loss(NLL): 10.911096
Epoch 147 [20/22] Loss(NLL): 14.588967
Epoch 147 Train NLL: 3.912696
VAL  RMSE:0.0052  MAE:0.0044  IC:0.8876  RIC:0.8527  NLL:-3.74564  CRPS:0.00303  Sharp(σ):0.00698  PICP90:0.994|Gap:0.094  PICP95:1.000|Gap:0.050  AURC:0.00425
Epoch 148 [0/22] Loss(NLL): 14.078816
Epoch 148 [20/22] Loss(NLL): 14.553082
Epoch 148 Train NLL: 3.551340
VAL  RMSE:0.0054  MAE:0.0043  IC:0.8190  RIC:0.7682  NLL:-3.59721  CRPS:0.00315  Sharp(σ):0.00736  PICP90:0.977|Gap:0.077  PICP95:0.994|Gap:0.044  AURC:0.00608
Epoch 149 [0/22] Loss(NLL): 11.863791
Epoch 149 [20/22] Loss(NLL): 14.455275
Epoch 149 Train NLL: 3.016613
VAL  RMSE:0.0037  MAE:0.0029  IC:0.8670  RIC:0.8255  NLL:-3.84961  CRPS:0.00247  Sharp(σ):0.00763  PICP90:1.000|Gap:0.100  PICP95:1.000|Gap:0.050  AURC:0.00342
Epoch 150 [0/22] Loss(NLL): 10.419794
Epoch 150 [20/22] Loss(NLL): 19.076920
Epoch 150 Train NLL: 2.983592
VAL  RMSE:0.0039  MAE:0.0031  IC:0.8586  RIC:0.8100  NLL:-3.83075  CRPS:0.00251  Sharp(σ):0.00755  PICP90:1.000|Gap:0.100  PICP95:1.000|Gap:0.050  AURC:0.00355
Epoch 151 [0/22] Loss(NLL): 8.899894
Epoch 151 [20/22] Loss(NLL): 10.114481
Epoch 151 Train NLL: 1.255035
VAL  RMSE:0.0055  MAE:0.0046  IC:0.8783  RIC:0.8378  NLL:-3.64740  CRPS:0.00324  Sharp(σ):0.00779  PICP90:0.983|Gap:0.083  PICP95:0.994|Gap:0.044  AURC:0.00526
Early stopping triggered.
TEST RMSE:0.0059  MAE:0.0047  IC:0.8265  RIC:0.7777  NLL:-3.64916  CRPS:0.00341  Sharp(σ):0.00766  PICP90:0.967|Gap:0.067  PICP95:0.983|Gap:0.033  AURC:0.00570

Rolling Window Evaluation Statistics:
        rmse    mae      ic     ric  dir_acc  sharpe  max_drawdown   calmar  \
mean  0.0061  0.005  0.8210  0.7899   0.7684  9.7739        0.0200  80.6886   
std   0.0012  0.001  0.0532  0.0518   0.0477  2.0869        0.0092  50.2877   

      hit_rate  turnover  profit_factor  
mean    0.5645    1.0777         5.7347  
std     0.1018    0.1829         2.3385  
