Epoch 1 [0/22] Loss(NLL): 6881.730469
Epoch 1 [20/22] Loss(NLL): 590.664551
Epoch 1 Train NLL: 843.792763
VAL  RMSE:0.0226  MAE:0.0190  IC:0.0027  RIC:-0.0115  NLL:0.03313  CRPS:0.01546  Sharp(σ):0.00756  PICP90:0.358|Gap:0.542  PICP95:0.410|Gap:0.540  AURC:0.02162
--- New best model (by VAL NLL) ---
Epoch 2 [0/22] Loss(NLL): 1608.939819
Epoch 2 [20/22] Loss(NLL): 215.419159
Epoch 2 Train NLL: 350.285009
VAL  RMSE:0.0135  MAE:0.0104  IC:0.0984  RIC:0.0649  NLL:-2.58100  CRPS:0.00785  Sharp(σ):0.00714  PICP90:0.671|Gap:0.229  PICP95:0.757|Gap:0.193  AURC:0.01024
--- New best model (by VAL NLL) ---
Epoch 3 [0/22] Loss(NLL): 125.268417
Epoch 3 [20/22] Loss(NLL): 185.243393
Epoch 3 Train NLL: 105.739219
VAL  RMSE:0.0191  MAE:0.0159  IC:0.1062  RIC:0.0567  NLL:-1.02322  CRPS:0.01263  Sharp(σ):0.00740  PICP90:0.416|Gap:0.484  PICP95:0.520|Gap:0.430  AURC:0.01861
Epoch 4 [0/22] Loss(NLL): 209.888229
Epoch 4 [20/22] Loss(NLL): 176.841660
Epoch 4 Train NLL: 111.835680
VAL  RMSE:0.0182  MAE:0.0150  IC:0.1150  RIC:0.0728  NLL:-0.72610  CRPS:0.01210  Sharp(σ):0.00659  PICP90:0.387|Gap:0.513  PICP95:0.474|Gap:0.476  AURC:0.01796
Epoch 5 [0/22] Loss(NLL): 181.231689
Epoch 5 [20/22] Loss(NLL): 146.889603
Epoch 5 Train NLL: 103.535960
VAL  RMSE:0.0163  MAE:0.0131  IC:0.1154  RIC:0.0613  NLL:-1.61145  CRPS:0.01027  Sharp(σ):0.00687  PICP90:0.503|Gap:0.397  PICP95:0.590|Gap:0.360  AURC:0.01530
Epoch 6 [0/22] Loss(NLL): 106.068420
Epoch 6 [20/22] Loss(NLL): 128.042206
Epoch 6 Train NLL: 80.845166
VAL  RMSE:0.0149  MAE:0.0118  IC:0.1244  RIC:0.0642  NLL:-2.04164  CRPS:0.00905  Sharp(σ):0.00702  PICP90:0.572|Gap:0.328  PICP95:0.682|Gap:0.268  AURC:0.01413
Epoch 7 [0/22] Loss(NLL): 99.892921
Epoch 7 [20/22] Loss(NLL): 138.106293
Epoch 7 Train NLL: 70.513498
VAL  RMSE:0.0137  MAE:0.0106  IC:0.1099  RIC:0.0593  NLL:-2.29096  CRPS:0.00811  Sharp(σ):0.00663  PICP90:0.595|Gap:0.305  PICP95:0.699|Gap:0.251  AURC:0.01335
Epoch 8 [0/22] Loss(NLL): 82.232780
Epoch 8 [20/22] Loss(NLL): 122.667374
Epoch 8 Train NLL: 60.653426
VAL  RMSE:0.0161  MAE:0.0128  IC:0.0955  RIC:0.0766  NLL:-2.12187  CRPS:0.00988  Sharp(σ):0.00748  PICP90:0.561|Gap:0.339  PICP95:0.624|Gap:0.326  AURC:0.01196
Epoch 9 [0/22] Loss(NLL): 70.976265
Epoch 9 [20/22] Loss(NLL): 133.697983
Epoch 9 Train NLL: 56.107387
VAL  RMSE:0.0141  MAE:0.0110  IC:0.1219  RIC:0.0533  NLL:-2.34325  CRPS:0.00834  Sharp(σ):0.00736  PICP90:0.659|Gap:0.241  PICP95:0.740|Gap:0.210  AURC:0.01202
Epoch 10 [0/22] Loss(NLL): 59.486153
Epoch 10 [20/22] Loss(NLL): 128.259827
Epoch 10 Train NLL: 50.717128
VAL  RMSE:0.0122  MAE:0.0093  IC:0.1199  RIC:0.0495  NLL:-2.82895  CRPS:0.00691  Sharp(σ):0.00762  PICP90:0.740|Gap:0.160  PICP95:0.809|Gap:0.141  AURC:0.01059
--- New best model (by VAL NLL) ---
Epoch 11 [0/22] Loss(NLL): 61.956955
Epoch 11 [20/22] Loss(NLL): 137.729080
Epoch 11 Train NLL: 45.539487
VAL  RMSE:0.0123  MAE:0.0093  IC:0.1258  RIC:0.0593  NLL:-2.79425  CRPS:0.00696  Sharp(σ):0.00730  PICP90:0.740|Gap:0.160  PICP95:0.798|Gap:0.152  AURC:0.00974
Epoch 12 [0/22] Loss(NLL): 56.060440
Epoch 12 [20/22] Loss(NLL): 125.135963
Epoch 12 Train NLL: 42.220582
VAL  RMSE:0.0121  MAE:0.0092  IC:0.1262  RIC:0.0577  NLL:-2.79839  CRPS:0.00683  Sharp(σ):0.00711  PICP90:0.740|Gap:0.160  PICP95:0.792|Gap:0.158  AURC:0.00951
Epoch 13 [0/22] Loss(NLL): 44.246864
Epoch 13 [20/22] Loss(NLL): 117.856079
Epoch 13 Train NLL: 39.922127
VAL  RMSE:0.0114  MAE:0.0086  IC:0.1492  RIC:0.0884  NLL:-2.91242  CRPS:0.00641  Sharp(σ):0.00705  PICP90:0.746|Gap:0.154  PICP95:0.827|Gap:0.123  AURC:0.00857
--- New best model (by VAL NLL) ---
Epoch 14 [0/22] Loss(NLL): 52.866081
Epoch 14 [20/22] Loss(NLL): 126.019066
Epoch 14 Train NLL: 38.646355
VAL  RMSE:0.0119  MAE:0.0090  IC:0.1520  RIC:0.0872  NLL:-2.87592  CRPS:0.00671  Sharp(σ):0.00728  PICP90:0.763|Gap:0.137  PICP95:0.821|Gap:0.129  AURC:0.01072
Epoch 15 [0/22] Loss(NLL): 41.232616
Epoch 15 [20/22] Loss(NLL): 111.040085
Epoch 15 Train NLL: 34.970238
VAL  RMSE:0.0112  MAE:0.0085  IC:0.1253  RIC:0.0767  NLL:-2.96660  CRPS:0.00631  Sharp(σ):0.00730  PICP90:0.746|Gap:0.154  PICP95:0.844|Gap:0.106  AURC:0.00975
--- New best model (by VAL NLL) ---
Epoch 16 [0/22] Loss(NLL): 45.589649
Epoch 16 [20/22] Loss(NLL): 121.319771
Epoch 16 Train NLL: 34.039136
VAL  RMSE:0.0116  MAE:0.0088  IC:0.1821  RIC:0.1055  NLL:-2.85308  CRPS:0.00656  Sharp(σ):0.00693  PICP90:0.734|Gap:0.166  PICP95:0.821|Gap:0.129  AURC:0.01098
Epoch 17 [0/22] Loss(NLL): 38.734459
Epoch 17 [20/22] Loss(NLL): 122.070961
Epoch 17 Train NLL: 30.836286
VAL  RMSE:0.0115  MAE:0.0087  IC:0.1743  RIC:0.0990  NLL:-2.93381  CRPS:0.00647  Sharp(σ):0.00723  PICP90:0.792|Gap:0.108  PICP95:0.827|Gap:0.123  AURC:0.01005
Epoch 18 [0/22] Loss(NLL): 35.288689
Epoch 18 [20/22] Loss(NLL): 95.717773
Epoch 18 Train NLL: 30.314007
VAL  RMSE:0.0114  MAE:0.0085  IC:0.1561  RIC:0.1075  NLL:-3.01207  CRPS:0.00632  Sharp(σ):0.00728  PICP90:0.786|Gap:0.114  PICP95:0.850|Gap:0.100  AURC:0.00913
--- New best model (by VAL NLL) ---
Epoch 19 [0/22] Loss(NLL): 41.135582
Epoch 19 [20/22] Loss(NLL): 103.893822
Epoch 19 Train NLL: 28.664136
VAL  RMSE:0.0113  MAE:0.0086  IC:0.1126  RIC:0.0999  NLL:-2.93933  CRPS:0.00638  Sharp(σ):0.00712  PICP90:0.746|Gap:0.154  PICP95:0.827|Gap:0.123  AURC:0.01017
Epoch 20 [0/22] Loss(NLL): 36.250744
Epoch 20 [20/22] Loss(NLL): 101.571182
Epoch 20 Train NLL: 27.981679
VAL  RMSE:0.0111  MAE:0.0084  IC:0.1725  RIC:0.1133  NLL:-3.11627  CRPS:0.00622  Sharp(σ):0.00786  PICP90:0.792|Gap:0.108  PICP95:0.827|Gap:0.123  AURC:0.00847
--- New best model (by VAL NLL) ---
Epoch 21 [0/22] Loss(NLL): 37.066124
Epoch 21 [20/22] Loss(NLL): 104.880516
Epoch 21 Train NLL: 26.871187
VAL  RMSE:0.0112  MAE:0.0083  IC:0.1890  RIC:0.1408  NLL:-3.07525  CRPS:0.00617  Sharp(σ):0.00742  PICP90:0.780|Gap:0.120  PICP95:0.850|Gap:0.100  AURC:0.00854
Epoch 22 [0/22] Loss(NLL): 31.764790
Epoch 22 [20/22] Loss(NLL): 96.571144
Epoch 22 Train NLL: 25.303609
VAL  RMSE:0.0109  MAE:0.0083  IC:0.1881  RIC:0.1419  NLL:-3.03236  CRPS:0.00615  Sharp(σ):0.00720  PICP90:0.757|Gap:0.143  PICP95:0.827|Gap:0.123  AURC:0.00839
Epoch 23 [0/22] Loss(NLL): 36.646423
Epoch 23 [20/22] Loss(NLL): 95.314201
Epoch 23 Train NLL: 23.504351
VAL  RMSE:0.0108  MAE:0.0081  IC:0.2718  RIC:0.1816  NLL:-3.12601  CRPS:0.00602  Sharp(σ):0.00750  PICP90:0.775|Gap:0.125  PICP95:0.844|Gap:0.106  AURC:0.00834
--- New best model (by VAL NLL) ---
Epoch 24 [0/22] Loss(NLL): 31.888912
Epoch 24 [20/22] Loss(NLL): 89.550247
Epoch 24 Train NLL: 23.773733
VAL  RMSE:0.0110  MAE:0.0083  IC:0.2666  RIC:0.1787  NLL:-3.07377  CRPS:0.00622  Sharp(σ):0.00726  PICP90:0.763|Gap:0.137  PICP95:0.821|Gap:0.129  AURC:0.00872
Epoch 25 [0/22] Loss(NLL): 32.109337
Epoch 25 [20/22] Loss(NLL): 94.602821
Epoch 25 Train NLL: 21.554058
VAL  RMSE:0.0107  MAE:0.0079  IC:0.3443  RIC:0.2324  NLL:-3.04301  CRPS:0.00598  Sharp(σ):0.00680  PICP90:0.769|Gap:0.131  PICP95:0.827|Gap:0.123  AURC:0.01016
Epoch 26 [0/22] Loss(NLL): 29.159019
Epoch 26 [20/22] Loss(NLL): 90.043434
Epoch 26 Train NLL: 21.068582
VAL  RMSE:0.0116  MAE:0.0087  IC:0.4380  RIC:0.3254  NLL:-2.95030  CRPS:0.00644  Sharp(σ):0.00745  PICP90:0.786|Gap:0.114  PICP95:0.838|Gap:0.112  AURC:0.01097
Epoch 27 [0/22] Loss(NLL): 30.245859
Epoch 27 [20/22] Loss(NLL): 86.247963
Epoch 27 Train NLL: 20.205410
VAL  RMSE:0.0105  MAE:0.0078  IC:0.4155  RIC:0.3061  NLL:-3.18307  CRPS:0.00581  Sharp(σ):0.00780  PICP90:0.815|Gap:0.085  PICP95:0.861|Gap:0.089  AURC:0.00957
--- New best model (by VAL NLL) ---
Epoch 28 [0/22] Loss(NLL): 27.629045
Epoch 28 [20/22] Loss(NLL): 81.972305
Epoch 28 Train NLL: 19.443000
VAL  RMSE:0.0114  MAE:0.0087  IC:0.5190  RIC:0.3988  NLL:-2.94476  CRPS:0.00643  Sharp(σ):0.00739  PICP90:0.780|Gap:0.120  PICP95:0.844|Gap:0.106  AURC:0.01125
Epoch 29 [0/22] Loss(NLL): 24.685619
Epoch 29 [20/22] Loss(NLL): 73.269867
Epoch 29 Train NLL: 17.703475
VAL  RMSE:0.0099  MAE:0.0075  IC:0.5694  RIC:0.4426  NLL:-3.23179  CRPS:0.00550  Sharp(σ):0.00736  PICP90:0.827|Gap:0.073  PICP95:0.884|Gap:0.066  AURC:0.00771
--- New best model (by VAL NLL) ---
Epoch 30 [0/22] Loss(NLL): 28.430244
Epoch 30 [20/22] Loss(NLL): 56.881886
Epoch 30 Train NLL: 17.334232
VAL  RMSE:0.0096  MAE:0.0076  IC:0.5230  RIC:0.4040  NLL:-3.18850  CRPS:0.00547  Sharp(σ):0.00720  PICP90:0.815|Gap:0.085  PICP95:0.850|Gap:0.100  AURC:0.00806
Epoch 31 [0/22] Loss(NLL): 26.335241
Epoch 31 [20/22] Loss(NLL): 53.198750
Epoch 31 Train NLL: 14.365705
VAL  RMSE:0.0104  MAE:0.0080  IC:0.5436  RIC:0.4637  NLL:-3.14680  CRPS:0.00591  Sharp(σ):0.00710  PICP90:0.769|Gap:0.131  PICP95:0.832|Gap:0.118  AURC:0.01024
Epoch 32 [0/22] Loss(NLL): 23.922691
Epoch 32 [20/22] Loss(NLL): 64.143303
Epoch 32 Train NLL: 14.260655
VAL  RMSE:0.0082  MAE:0.0064  IC:0.7041  RIC:0.6121  NLL:-3.46180  CRPS:0.00460  Sharp(σ):0.00736  PICP90:0.844|Gap:0.056  PICP95:0.908|Gap:0.042  AURC:0.00658
--- New best model (by VAL NLL) ---
Epoch 33 [0/22] Loss(NLL): 29.219849
Epoch 33 [20/22] Loss(NLL): 40.284107
Epoch 33 Train NLL: 14.060874
VAL  RMSE:0.0086  MAE:0.0067  IC:0.7396  RIC:0.6688  NLL:-3.36951  CRPS:0.00481  Sharp(σ):0.00712  PICP90:0.827|Gap:0.073  PICP95:0.896|Gap:0.054  AURC:0.00810
Epoch 34 [0/22] Loss(NLL): 29.729156
Epoch 34 [20/22] Loss(NLL): 35.543415
Epoch 34 Train NLL: 14.086996
VAL  RMSE:0.0092  MAE:0.0074  IC:0.6893  RIC:0.5866  NLL:-3.33424  CRPS:0.00529  Sharp(σ):0.00725  PICP90:0.792|Gap:0.108  PICP95:0.902|Gap:0.048  AURC:0.00879
Epoch 35 [0/22] Loss(NLL): 37.731941
Epoch 35 [20/22] Loss(NLL): 42.962387
Epoch 35 Train NLL: 15.636797
VAL  RMSE:0.0098  MAE:0.0080  IC:0.7365  RIC:0.6473  NLL:-3.27293  CRPS:0.00572  Sharp(σ):0.00710  PICP90:0.757|Gap:0.143  PICP95:0.867|Gap:0.083  AURC:0.00751
Epoch 36 [0/22] Loss(NLL): 17.627441
Epoch 36 [20/22] Loss(NLL): 29.593027
Epoch 36 Train NLL: 17.259444
VAL  RMSE:0.0074  MAE:0.0058  IC:0.7673  RIC:0.7020  NLL:-3.56397  CRPS:0.00411  Sharp(σ):0.00750  PICP90:0.925|Gap:0.025  PICP95:0.942|Gap:0.008  AURC:0.00596
--- New best model (by VAL NLL) ---
Epoch 37 [0/22] Loss(NLL): 22.124605
Epoch 37 [20/22] Loss(NLL): 30.240160
Epoch 37 Train NLL: 15.640508
VAL  RMSE:0.0091  MAE:0.0072  IC:0.7858  RIC:0.7338  NLL:-3.34526  CRPS:0.00514  Sharp(σ):0.00758  PICP90:0.827|Gap:0.073  PICP95:0.890|Gap:0.060  AURC:0.00875
Epoch 38 [0/22] Loss(NLL): 28.725498
Epoch 38 [20/22] Loss(NLL): 27.377735
Epoch 38 Train NLL: 9.535357
VAL  RMSE:0.0079  MAE:0.0063  IC:0.7326  RIC:0.6387  NLL:-3.32157  CRPS:0.00448  Sharp(σ):0.00724  PICP90:0.850|Gap:0.050  PICP95:0.925|Gap:0.025  AURC:0.00777
Epoch 39 [0/22] Loss(NLL): 22.990479
Epoch 39 [20/22] Loss(NLL): 26.802992
Epoch 39 Train NLL: 9.372886
VAL  RMSE:0.0085  MAE:0.0067  IC:0.8027  RIC:0.7546  NLL:-3.42221  CRPS:0.00476  Sharp(σ):0.00723  PICP90:0.850|Gap:0.050  PICP95:0.902|Gap:0.048  AURC:0.00743
Epoch 40 [0/22] Loss(NLL): 21.082747
Epoch 40 [20/22] Loss(NLL): 24.866196
Epoch 40 Train NLL: 9.514605
VAL  RMSE:0.0065  MAE:0.0051  IC:0.8122  RIC:0.7611  NLL:-3.65373  CRPS:0.00366  Sharp(σ):0.00687  PICP90:0.919|Gap:0.019  PICP95:0.948|Gap:0.002  AURC:0.00565
--- New best model (by VAL NLL) ---
Epoch 41 [0/22] Loss(NLL): 18.206797
Epoch 41 [20/22] Loss(NLL): 11.668611
Epoch 41 Train NLL: 4.909340
VAL  RMSE:0.0066  MAE:0.0051  IC:0.8463  RIC:0.7987  NLL:-3.60641  CRPS:0.00370  Sharp(σ):0.00728  PICP90:0.925|Gap:0.025  PICP95:0.971|Gap:0.021  AURC:0.00581
Epoch 42 [0/22] Loss(NLL): 19.534315
Epoch 42 [20/22] Loss(NLL): 13.037996
Epoch 42 Train NLL: 4.604020
VAL  RMSE:0.0068  MAE:0.0054  IC:0.8397  RIC:0.7842  NLL:-3.64070  CRPS:0.00382  Sharp(σ):0.00685  PICP90:0.913|Gap:0.013  PICP95:0.960|Gap:0.010  AURC:0.00605
Epoch 43 [0/22] Loss(NLL): 12.889569
Epoch 43 [20/22] Loss(NLL): 14.761443
Epoch 43 Train NLL: 5.566548
VAL  RMSE:0.0061  MAE:0.0048  IC:0.8545  RIC:0.8112  NLL:-3.65500  CRPS:0.00346  Sharp(σ):0.00721  PICP90:0.936|Gap:0.036  PICP95:0.977|Gap:0.027  AURC:0.00580
--- New best model (by VAL NLL) ---
Epoch 44 [0/22] Loss(NLL): 13.024398
Epoch 44 [20/22] Loss(NLL): 9.866104
Epoch 44 Train NLL: 6.083180
VAL  RMSE:0.0068  MAE:0.0053  IC:0.8659  RIC:0.8270  NLL:-3.62997  CRPS:0.00380  Sharp(σ):0.00712  PICP90:0.908|Gap:0.008  PICP95:0.954|Gap:0.004  AURC:0.00547
Epoch 45 [0/22] Loss(NLL): 13.425138
Epoch 45 [20/22] Loss(NLL): 10.588962
Epoch 45 Train NLL: 4.814071
VAL  RMSE:0.0061  MAE:0.0048  IC:0.8714  RIC:0.8281  NLL:-3.72221  CRPS:0.00346  Sharp(σ):0.00722  PICP90:0.931|Gap:0.031  PICP95:0.977|Gap:0.027  AURC:0.00487
--- New best model (by VAL NLL) ---
Epoch 46 [0/22] Loss(NLL): 11.244595
Epoch 46 [20/22] Loss(NLL): 9.145234
Epoch 46 Train NLL: 2.084473
VAL  RMSE:0.0062  MAE:0.0049  IC:0.8659  RIC:0.8189  NLL:-3.59189  CRPS:0.00353  Sharp(σ):0.00744  PICP90:0.948|Gap:0.048  PICP95:0.983|Gap:0.033  AURC:0.00580
Epoch 47 [0/22] Loss(NLL): 10.290828
Epoch 47 [20/22] Loss(NLL): 10.985561
Epoch 47 Train NLL: 4.838805
VAL  RMSE:0.0107  MAE:0.0094  IC:0.8460  RIC:0.7974  NLL:-2.64384  CRPS:0.00659  Sharp(σ):0.00753  PICP90:0.723|Gap:0.177  PICP95:0.821|Gap:0.129  AURC:0.01084
Epoch 48 [0/22] Loss(NLL): 13.602851
Epoch 48 [20/22] Loss(NLL): 12.125398
Epoch 48 Train NLL: 5.203023
VAL  RMSE:0.0083  MAE:0.0069  IC:0.8646  RIC:0.8160  NLL:-3.18429  CRPS:0.00486  Sharp(σ):0.00641  PICP90:0.792|Gap:0.108  PICP95:0.873|Gap:0.077  AURC:0.00728
Epoch 49 [0/22] Loss(NLL): 12.560937
Epoch 49 [20/22] Loss(NLL): 14.290437
Epoch 49 Train NLL: 5.030338
VAL  RMSE:0.0085  MAE:0.0072  IC:0.8633  RIC:0.8145  NLL:-3.17786  CRPS:0.00493  Sharp(σ):0.00726  PICP90:0.844|Gap:0.056  PICP95:0.919|Gap:0.031  AURC:0.00755
Epoch 50 [0/22] Loss(NLL): 6.991146
Epoch 50 [20/22] Loss(NLL): 12.035749
Epoch 50 Train NLL: 3.635611
VAL  RMSE:0.0053  MAE:0.0041  IC:0.8855  RIC:0.8429  NLL:-3.79619  CRPS:0.00305  Sharp(σ):0.00729  PICP90:0.960|Gap:0.060  PICP95:0.988|Gap:0.038  AURC:0.00441
--- New best model (by VAL NLL) ---
Epoch 51 [0/22] Loss(NLL): 7.595370
Epoch 51 [20/22] Loss(NLL): 12.087241
Epoch 51 Train NLL: 2.621027
VAL  RMSE:0.0058  MAE:0.0045  IC:0.8926  RIC:0.8486  NLL:-3.73492  CRPS:0.00327  Sharp(σ):0.00730  PICP90:0.965|Gap:0.065  PICP95:0.983|Gap:0.033  AURC:0.00456
Epoch 52 [0/22] Loss(NLL): 7.613441
Epoch 52 [20/22] Loss(NLL): 7.840271
Epoch 52 Train NLL: 8.133475
VAL  RMSE:0.0052  MAE:0.0040  IC:0.8933  RIC:0.8593  NLL:-3.82306  CRPS:0.00298  Sharp(σ):0.00716  PICP90:0.971|Gap:0.071  PICP95:0.988|Gap:0.038  AURC:0.00419
--- New best model (by VAL NLL) ---
Epoch 53 [0/22] Loss(NLL): 7.553348
Epoch 53 [20/22] Loss(NLL): 11.053649
Epoch 53 Train NLL: 9.949954
VAL  RMSE:0.0071  MAE:0.0058  IC:0.8920  RIC:0.8584  NLL:-3.55048  CRPS:0.00403  Sharp(σ):0.00745  PICP90:0.931|Gap:0.031  PICP95:0.971|Gap:0.021  AURC:0.00634
Epoch 54 [0/22] Loss(NLL): 19.554537
Epoch 54 [20/22] Loss(NLL): 4.729454
Epoch 54 Train NLL: 5.066528
VAL  RMSE:0.0061  MAE:0.0050  IC:0.9002  RIC:0.8703  NLL:-3.61096  CRPS:0.00357  Sharp(σ):0.00827  PICP90:0.971|Gap:0.071  PICP95:0.994|Gap:0.044  AURC:0.00563
Epoch 55 [0/22] Loss(NLL): 7.354273
Epoch 55 [20/22] Loss(NLL): 10.326831
Epoch 55 Train NLL: 2.690150
VAL  RMSE:0.0069  MAE:0.0058  IC:0.8995  RIC:0.8651  NLL:-3.54255  CRPS:0.00394  Sharp(σ):0.00739  PICP90:0.931|Gap:0.031  PICP95:0.965|Gap:0.015  AURC:0.00590
Epoch 56 [0/22] Loss(NLL): 7.465499
Epoch 56 [20/22] Loss(NLL): 9.830339
Epoch 56 Train NLL: 3.019521
VAL  RMSE:0.0062  MAE:0.0050  IC:0.8814  RIC:0.8414  NLL:-3.53321  CRPS:0.00356  Sharp(σ):0.00728  PICP90:0.965|Gap:0.065  PICP95:0.983|Gap:0.033  AURC:0.00646
Epoch 57 [0/22] Loss(NLL): 5.834369
Epoch 57 [20/22] Loss(NLL): 7.690003
Epoch 57 Train NLL: 0.170121
VAL  RMSE:0.0076  MAE:0.0066  IC:0.9135  RIC:0.8884  NLL:-3.49279  CRPS:0.00442  Sharp(σ):0.00710  PICP90:0.902|Gap:0.002  PICP95:0.948|Gap:0.002  AURC:0.00653
Epoch 58 [0/22] Loss(NLL): 4.061257
Epoch 58 [20/22] Loss(NLL): 4.932019
Epoch 58 Train NLL: 2.726577
VAL  RMSE:0.0047  MAE:0.0036  IC:0.9085  RIC:0.8851  NLL:-3.76607  CRPS:0.00286  Sharp(σ):0.00760  PICP90:0.983|Gap:0.083  PICP95:1.000|Gap:0.050  AURC:0.00435
Epoch 59 [0/22] Loss(NLL): 5.512453
Epoch 59 [20/22] Loss(NLL): 7.030998
Epoch 59 Train NLL: 6.634356
VAL  RMSE:0.0055  MAE:0.0043  IC:0.8778  RIC:0.8376  NLL:-3.74057  CRPS:0.00316  Sharp(σ):0.00696  PICP90:0.954|Gap:0.054  PICP95:0.977|Gap:0.027  AURC:0.00450
Epoch 60 [0/22] Loss(NLL): 6.312769
Epoch 60 [20/22] Loss(NLL): 4.330975
Epoch 60 Train NLL: 3.561010
VAL  RMSE:0.0065  MAE:0.0054  IC:0.9049  RIC:0.8781  NLL:-3.52793  CRPS:0.00374  Sharp(σ):0.00705  PICP90:0.902|Gap:0.002  PICP95:0.977|Gap:0.027  AURC:0.00631
Epoch 61 [0/22] Loss(NLL): 7.773649
Epoch 61 [20/22] Loss(NLL): 4.876095
Epoch 61 Train NLL: 0.342309
VAL  RMSE:0.0088  MAE:0.0074  IC:0.8748  RIC:0.8304  NLL:-3.02895  CRPS:0.00513  Sharp(σ):0.00717  PICP90:0.815|Gap:0.085  PICP95:0.902|Gap:0.048  AURC:0.00616
Epoch 62 [0/22] Loss(NLL): 7.851033
Epoch 62 [20/22] Loss(NLL): 10.839195
Epoch 62 Train NLL: 3.514815
VAL  RMSE:0.0062  MAE:0.0052  IC:0.9145  RIC:0.8864  NLL:-3.68905  CRPS:0.00357  Sharp(σ):0.00723  PICP90:0.942|Gap:0.042  PICP95:0.971|Gap:0.021  AURC:0.00562
Epoch 63 [0/22] Loss(NLL): 5.283210
Epoch 63 [20/22] Loss(NLL): 5.821781
Epoch 63 Train NLL: 0.492451
VAL  RMSE:0.0060  MAE:0.0051  IC:0.9215  RIC:0.8952  NLL:-3.69548  CRPS:0.00348  Sharp(σ):0.00729  PICP90:0.960|Gap:0.060  PICP95:1.000|Gap:0.050  AURC:0.00490
Epoch 64 [0/22] Loss(NLL): 6.657166
Epoch 64 [20/22] Loss(NLL): 10.793136
Epoch 64 Train NLL: 0.451975
VAL  RMSE:0.0047  MAE:0.0037  IC:0.9077  RIC:0.8790  NLL:-3.80231  CRPS:0.00282  Sharp(σ):0.00735  PICP90:0.983|Gap:0.083  PICP95:1.000|Gap:0.050  AURC:0.00412
Epoch 65 [0/22] Loss(NLL): 4.417316
Epoch 65 [20/22] Loss(NLL): 11.467113
Epoch 65 Train NLL: 3.215568
VAL  RMSE:0.0058  MAE:0.0045  IC:0.9101  RIC:0.8827  NLL:-3.73640  CRPS:0.00328  Sharp(σ):0.00706  PICP90:0.931|Gap:0.031  PICP95:0.971|Gap:0.021  AURC:0.00545
Epoch 66 [0/22] Loss(NLL): 10.020432
Epoch 66 [20/22] Loss(NLL): 3.042030
Epoch 66 Train NLL: 5.978726
VAL  RMSE:0.0052  MAE:0.0042  IC:0.8999  RIC:0.8666  NLL:-3.78304  CRPS:0.00300  Sharp(σ):0.00717  PICP90:0.971|Gap:0.071  PICP95:0.988|Gap:0.038  AURC:0.00464
Epoch 67 [0/22] Loss(NLL): 4.243332
Epoch 67 [20/22] Loss(NLL): 8.721663
Epoch 67 Train NLL: 10.731538
VAL  RMSE:0.0059  MAE:0.0047  IC:0.8886  RIC:0.8494  NLL:-3.60897  CRPS:0.00337  Sharp(σ):0.00708  PICP90:0.936|Gap:0.036  PICP95:1.000|Gap:0.050  AURC:0.00570
Epoch 68 [0/22] Loss(NLL): 12.334488
Epoch 68 [20/22] Loss(NLL): 4.637425
Epoch 68 Train NLL: 3.372488
VAL  RMSE:0.0103  MAE:0.0093  IC:0.9224  RIC:0.8960  NLL:-3.15313  CRPS:0.00619  Sharp(σ):0.00813  PICP90:0.850|Gap:0.050  PICP95:0.936|Gap:0.014  AURC:0.00845
Epoch 69 [0/22] Loss(NLL): 3.748362
Epoch 69 [20/22] Loss(NLL): 6.998261
Epoch 69 Train NLL: 1.729932
VAL  RMSE:0.0066  MAE:0.0056  IC:0.9255  RIC:0.9027  NLL:-3.58531  CRPS:0.00381  Sharp(σ):0.00720  PICP90:0.936|Gap:0.036  PICP95:0.994|Gap:0.044  AURC:0.00579
Epoch 70 [0/22] Loss(NLL): 3.732923
Epoch 70 [20/22] Loss(NLL): 7.889539
Epoch 70 Train NLL: 1.765429
VAL  RMSE:0.0056  MAE:0.0047  IC:0.9325  RIC:0.9125  NLL:-3.75092  CRPS:0.00325  Sharp(σ):0.00719  PICP90:0.977|Gap:0.077  PICP95:1.000|Gap:0.050  AURC:0.00485
Epoch 71 [0/22] Loss(NLL): 4.192800
Epoch 71 [20/22] Loss(NLL): 8.577221
Epoch 71 Train NLL: -0.438687
VAL  RMSE:0.0065  MAE:0.0056  IC:0.9282  RIC:0.9074  NLL:-3.56025  CRPS:0.00377  Sharp(σ):0.00714  PICP90:0.965|Gap:0.065  PICP95:1.000|Gap:0.050  AURC:0.00564
Epoch 72 [0/22] Loss(NLL): 6.018617
Epoch 72 [20/22] Loss(NLL): 3.307104
Epoch 72 Train NLL: 3.758277
VAL  RMSE:0.0099  MAE:0.0083  IC:0.8611  RIC:0.8030  NLL:-3.38224  CRPS:0.00585  Sharp(σ):0.00731  PICP90:0.798|Gap:0.102  PICP95:0.902|Gap:0.048  AURC:0.00688
Early stopping triggered.
TEST RMSE:0.0087  MAE:0.0068  IC:0.8726  RIC:0.8551  NLL:-3.35074  CRPS:0.00489  Sharp(σ):0.00687  PICP90:0.812|Gap:0.088  PICP95:0.871|Gap:0.079  AURC:0.00801

Rolling Window Evaluation Statistics:
        rmse     mae      ic     ric  dir_acc   sharpe  max_drawdown  \
mean  0.0086  0.0069  0.8950  0.8811   0.8442  13.7980        0.0204   
std   0.0019  0.0016  0.0209  0.0315   0.0577   2.6704        0.0075   

        calmar  hit_rate  turnover  profit_factor  
mean  143.7557    0.4289    1.1320        11.8573  
std    73.9981    0.0766    0.0901         5.0165  
