Epoch 1 [0/22] Loss(NLL): 3857.500000
Epoch 1 [20/22] Loss(NLL): 747.267273
Epoch 1 Train NLL: 858.537089
VAL  RMSE:0.0267  MAE:0.0244  IC:0.0098  RIC:-0.0382  NLL:1.78954  CRPS:0.02036  Sharp(σ):0.00762  PICP90:0.139|Gap:0.761  PICP95:0.220|Gap:0.730  AURC:0.02527
--- New best model (by VAL NLL) ---
Epoch 2 [0/22] Loss(NLL): 1037.824097
Epoch 2 [20/22] Loss(NLL): 257.881409
Epoch 2 Train NLL: 261.937690
VAL  RMSE:0.0228  MAE:0.0208  IC:0.0524  RIC:0.0411  NLL:0.43179  CRPS:0.01699  Sharp(σ):0.00721  PICP90:0.173|Gap:0.727  PICP95:0.237|Gap:0.713  AURC:0.02084
--- New best model (by VAL NLL) ---
Epoch 3 [0/22] Loss(NLL): 206.345413
Epoch 3 [20/22] Loss(NLL): 170.287155
Epoch 3 Train NLL: 110.885585
VAL  RMSE:0.0178  MAE:0.0157  IC:0.0305  RIC:0.0028  NLL:-1.04911  CRPS:0.01220  Sharp(σ):0.00729  PICP90:0.364|Gap:0.536  PICP95:0.445|Gap:0.505  AURC:0.01631
--- New best model (by VAL NLL) ---
Epoch 4 [0/22] Loss(NLL): 200.142181
Epoch 4 [20/22] Loss(NLL): 170.692703
Epoch 4 Train NLL: 94.539967
VAL  RMSE:0.0110  MAE:0.0086  IC:0.0454  RIC:0.0321  NLL:-2.80060  CRPS:0.00642  Sharp(σ):0.00661  PICP90:0.694|Gap:0.206  PICP95:0.763|Gap:0.187  AURC:0.01053
--- New best model (by VAL NLL) ---
Epoch 5 [0/22] Loss(NLL): 106.532188
Epoch 5 [20/22] Loss(NLL): 134.462250
Epoch 5 Train NLL: 72.393381
VAL  RMSE:0.0100  MAE:0.0077  IC:0.0491  RIC:0.0312  NLL:-3.07342  CRPS:0.00572  Sharp(σ):0.00659  PICP90:0.740|Gap:0.160  PICP95:0.798|Gap:0.152  AURC:0.00952
--- New best model (by VAL NLL) ---
Epoch 6 [0/22] Loss(NLL): 56.250347
Epoch 6 [20/22] Loss(NLL): 123.371414
Epoch 6 Train NLL: 52.200613
VAL  RMSE:0.0096  MAE:0.0075  IC:0.0481  RIC:0.0344  NLL:-3.13559  CRPS:0.00547  Sharp(σ):0.00687  PICP90:0.763|Gap:0.137  PICP95:0.838|Gap:0.112  AURC:0.00909
--- New best model (by VAL NLL) ---
Epoch 7 [0/22] Loss(NLL): 69.606682
Epoch 7 [20/22] Loss(NLL): 122.260757
Epoch 7 Train NLL: 47.600365
VAL  RMSE:0.0093  MAE:0.0071  IC:0.0313  RIC:0.0229  NLL:-3.25380  CRPS:0.00521  Sharp(σ):0.00687  PICP90:0.786|Gap:0.114  PICP95:0.867|Gap:0.083  AURC:0.00852
--- New best model (by VAL NLL) ---
Epoch 8 [0/22] Loss(NLL): 64.017509
Epoch 8 [20/22] Loss(NLL): 123.052765
Epoch 8 Train NLL: 43.148432
VAL  RMSE:0.0108  MAE:0.0085  IC:0.0610  RIC:0.0515  NLL:-3.09654  CRPS:0.00616  Sharp(σ):0.00736  PICP90:0.769|Gap:0.131  PICP95:0.832|Gap:0.118  AURC:0.00810
Epoch 9 [0/22] Loss(NLL): 48.994976
Epoch 9 [20/22] Loss(NLL): 125.617523
Epoch 9 Train NLL: 38.503441
VAL  RMSE:0.0102  MAE:0.0079  IC:0.0415  RIC:0.0224  NLL:-2.97317  CRPS:0.00582  Sharp(σ):0.00718  PICP90:0.775|Gap:0.125  PICP95:0.844|Gap:0.106  AURC:0.00961
Epoch 10 [0/22] Loss(NLL): 46.938614
Epoch 10 [20/22] Loss(NLL): 131.009491
Epoch 10 Train NLL: 35.864540
VAL  RMSE:0.0085  MAE:0.0065  IC:0.0774  RIC:0.0603  NLL:-3.40359  CRPS:0.00471  Sharp(σ):0.00764  PICP90:0.879|Gap:0.021  PICP95:0.931|Gap:0.019  AURC:0.00728
--- New best model (by VAL NLL) ---
Epoch 11 [0/22] Loss(NLL): 49.704975
Epoch 11 [20/22] Loss(NLL): 130.833191
Epoch 11 Train NLL: 33.008173
VAL  RMSE:0.0090  MAE:0.0069  IC:0.0814  RIC:0.0611  NLL:-3.31745  CRPS:0.00499  Sharp(σ):0.00738  PICP90:0.821|Gap:0.079  PICP95:0.908|Gap:0.042  AURC:0.00756
Epoch 12 [0/22] Loss(NLL): 48.763336
Epoch 12 [20/22] Loss(NLL): 114.163071
Epoch 12 Train NLL: 29.895354
VAL  RMSE:0.0089  MAE:0.0068  IC:0.0813  RIC:0.0573  NLL:-3.28332  CRPS:0.00495  Sharp(σ):0.00713  PICP90:0.815|Gap:0.085  PICP95:0.884|Gap:0.066  AURC:0.00714
Epoch 13 [0/22] Loss(NLL): 39.840324
Epoch 13 [20/22] Loss(NLL): 113.093124
Epoch 13 Train NLL: 29.043464
VAL  RMSE:0.0080  MAE:0.0063  IC:0.0751  RIC:0.0453  NLL:-3.43101  CRPS:0.00449  Sharp(σ):0.00717  PICP90:0.867|Gap:0.033  PICP95:0.913|Gap:0.037  AURC:0.00691
--- New best model (by VAL NLL) ---
Epoch 14 [0/22] Loss(NLL): 44.869495
Epoch 14 [20/22] Loss(NLL): 116.005646
Epoch 14 Train NLL: 26.322267
VAL  RMSE:0.0080  MAE:0.0061  IC:0.1306  RIC:0.0984  NLL:-3.44564  CRPS:0.00442  Sharp(σ):0.00734  PICP90:0.884|Gap:0.016  PICP95:0.919|Gap:0.031  AURC:0.00759
--- New best model (by VAL NLL) ---
Epoch 15 [0/22] Loss(NLL): 35.206760
Epoch 15 [20/22] Loss(NLL): 111.498764
Epoch 15 Train NLL: 23.221870
VAL  RMSE:0.0087  MAE:0.0070  IC:0.0192  RIC:0.0266  NLL:-3.37245  CRPS:0.00491  Sharp(σ):0.00756  PICP90:0.855|Gap:0.045  PICP95:0.908|Gap:0.042  AURC:0.00740
Epoch 16 [0/22] Loss(NLL): 37.808033
Epoch 16 [20/22] Loss(NLL): 108.103409
Epoch 16 Train NLL: 19.527847
VAL  RMSE:0.0084  MAE:0.0064  IC:0.0684  RIC:0.0383  NLL:-3.31654  CRPS:0.00470  Sharp(σ):0.00675  PICP90:0.850|Gap:0.050  PICP95:0.890|Gap:0.060  AURC:0.00699
Epoch 17 [0/22] Loss(NLL): 31.530247
Epoch 17 [20/22] Loss(NLL): 110.560867
Epoch 17 Train NLL: 17.731830
VAL  RMSE:0.0086  MAE:0.0065  IC:0.0964  RIC:0.0559  NLL:-3.33170  CRPS:0.00476  Sharp(σ):0.00734  PICP90:0.844|Gap:0.056  PICP95:0.913|Gap:0.037  AURC:0.00743
Epoch 18 [0/22] Loss(NLL): 30.009470
Epoch 18 [20/22] Loss(NLL): 99.783966
Epoch 18 Train NLL: 17.142282
VAL  RMSE:0.0080  MAE:0.0063  IC:0.0878  RIC:0.1565  NLL:-3.40693  CRPS:0.00449  Sharp(σ):0.00717  PICP90:0.873|Gap:0.027  PICP95:0.913|Gap:0.037  AURC:0.00761
Epoch 19 [0/22] Loss(NLL): 29.441589
Epoch 19 [20/22] Loss(NLL): 101.122116
Epoch 19 Train NLL: 17.242111
VAL  RMSE:0.0090  MAE:0.0070  IC:0.0634  RIC:0.1926  NLL:-3.27943  CRPS:0.00507  Sharp(σ):0.00705  PICP90:0.821|Gap:0.079  PICP95:0.896|Gap:0.054  AURC:0.00843
Epoch 20 [0/22] Loss(NLL): 28.872749
Epoch 20 [20/22] Loss(NLL): 107.597923
Epoch 20 Train NLL: 16.661444
VAL  RMSE:0.0077  MAE:0.0060  IC:0.1929  RIC:0.1717  NLL:-3.49513  CRPS:0.00430  Sharp(σ):0.00743  PICP90:0.890|Gap:0.010  PICP95:0.931|Gap:0.019  AURC:0.00689
--- New best model (by VAL NLL) ---
Epoch 21 [0/22] Loss(NLL): 29.661991
Epoch 21 [20/22] Loss(NLL): 96.653763
Epoch 21 Train NLL: 17.013889
VAL  RMSE:0.0082  MAE:0.0062  IC:0.4911  RIC:0.3962  NLL:-3.41888  CRPS:0.00454  Sharp(σ):0.00743  PICP90:0.873|Gap:0.027  PICP95:0.936|Gap:0.014  AURC:0.00687
Epoch 22 [0/22] Loss(NLL): 27.459747
Epoch 22 [20/22] Loss(NLL): 95.502502
Epoch 22 Train NLL: 15.620654
VAL  RMSE:0.0079  MAE:0.0060  IC:0.4932  RIC:0.4010  NLL:-3.46701  CRPS:0.00438  Sharp(σ):0.00754  PICP90:0.890|Gap:0.010  PICP95:0.936|Gap:0.014  AURC:0.00661
Epoch 23 [0/22] Loss(NLL): 27.095158
Epoch 23 [20/22] Loss(NLL): 91.864883
Epoch 23 Train NLL: 15.626268
VAL  RMSE:0.0082  MAE:0.0062  IC:0.4808  RIC:0.3710  NLL:-3.40337  CRPS:0.00455  Sharp(σ):0.00701  PICP90:0.855|Gap:0.045  PICP95:0.919|Gap:0.031  AURC:0.00751
Epoch 24 [0/22] Loss(NLL): 28.535530
Epoch 24 [20/22] Loss(NLL): 84.596199
Epoch 24 Train NLL: 14.898636
VAL  RMSE:0.0076  MAE:0.0060  IC:0.2627  RIC:0.2287  NLL:-3.48718  CRPS:0.00425  Sharp(σ):0.00721  PICP90:0.890|Gap:0.010  PICP95:0.931|Gap:0.019  AURC:0.00670
Epoch 25 [0/22] Loss(NLL): 26.976692
Epoch 25 [20/22] Loss(NLL): 82.652710
Epoch 25 Train NLL: 14.678811
VAL  RMSE:0.0077  MAE:0.0059  IC:0.3730  RIC:0.3546  NLL:-3.51204  CRPS:0.00427  Sharp(σ):0.00704  PICP90:0.884|Gap:0.016  PICP95:0.913|Gap:0.037  AURC:0.00681
--- New best model (by VAL NLL) ---
Epoch 26 [0/22] Loss(NLL): 27.183590
Epoch 26 [20/22] Loss(NLL): 79.567589
Epoch 26 Train NLL: 14.848734
VAL  RMSE:0.0136  MAE:0.0118  IC:0.5723  RIC:0.4724  NLL:-2.41463  CRPS:0.00862  Sharp(σ):0.00756  PICP90:0.566|Gap:0.334  PICP95:0.705|Gap:0.245  AURC:0.01248
Epoch 27 [0/22] Loss(NLL): 28.600683
Epoch 27 [20/22] Loss(NLL): 75.674530
Epoch 27 Train NLL: 14.393392
VAL  RMSE:0.0096  MAE:0.0077  IC:0.6253  RIC:0.5154  NLL:-3.20238  CRPS:0.00547  Sharp(σ):0.00766  PICP90:0.809|Gap:0.091  PICP95:0.902|Gap:0.048  AURC:0.00837
Epoch 28 [0/22] Loss(NLL): 24.676662
Epoch 28 [20/22] Loss(NLL): 68.782639
Epoch 28 Train NLL: 12.669267
VAL  RMSE:0.0086  MAE:0.0069  IC:0.6201  RIC:0.4934  NLL:-3.30912  CRPS:0.00488  Sharp(σ):0.00756  PICP90:0.855|Gap:0.045  PICP95:0.919|Gap:0.031  AURC:0.00801
Epoch 29 [0/22] Loss(NLL): 20.928440
Epoch 29 [20/22] Loss(NLL): 58.938690
Epoch 29 Train NLL: 11.735701
VAL  RMSE:0.0102  MAE:0.0085  IC:0.6432  RIC:0.5291  NLL:-3.08120  CRPS:0.00603  Sharp(σ):0.00728  PICP90:0.751|Gap:0.149  PICP95:0.850|Gap:0.100  AURC:0.00897
Epoch 30 [0/22] Loss(NLL): 21.272820
Epoch 30 [20/22] Loss(NLL): 47.684383
Epoch 30 Train NLL: 10.760581
VAL  RMSE:0.0085  MAE:0.0067  IC:0.4523  RIC:0.4060  NLL:-3.04652  CRPS:0.00484  Sharp(σ):0.00727  PICP90:0.821|Gap:0.079  PICP95:0.884|Gap:0.066  AURC:0.00899
Epoch 31 [0/22] Loss(NLL): 22.637829
Epoch 31 [20/22] Loss(NLL): 55.297085
Epoch 31 Train NLL: 10.570166
VAL  RMSE:0.0112  MAE:0.0096  IC:0.6127  RIC:0.5249  NLL:-2.96968  CRPS:0.00688  Sharp(σ):0.00704  PICP90:0.682|Gap:0.218  PICP95:0.792|Gap:0.158  AURC:0.00903
Epoch 32 [0/22] Loss(NLL): 17.230343
Epoch 32 [20/22] Loss(NLL): 63.581364
Epoch 32 Train NLL: 10.690634
VAL  RMSE:0.0080  MAE:0.0065  IC:0.7074  RIC:0.5936  NLL:-3.32595  CRPS:0.00459  Sharp(σ):0.00741  PICP90:0.861|Gap:0.039  PICP95:0.925|Gap:0.025  AURC:0.00785
Epoch 33 [0/22] Loss(NLL): 16.213392
Epoch 33 [20/22] Loss(NLL): 42.151093
Epoch 33 Train NLL: 8.039601
VAL  RMSE:0.0076  MAE:0.0061  IC:0.6558  RIC:0.5450  NLL:-3.37270  CRPS:0.00431  Sharp(σ):0.00705  PICP90:0.861|Gap:0.039  PICP95:0.936|Gap:0.014  AURC:0.00660
Epoch 34 [0/22] Loss(NLL): 22.613144
Epoch 34 [20/22] Loss(NLL): 64.115044
Epoch 34 Train NLL: 11.106023
VAL  RMSE:0.0085  MAE:0.0067  IC:0.5456  RIC:0.4399  NLL:-3.05104  CRPS:0.00478  Sharp(σ):0.00683  PICP90:0.821|Gap:0.079  PICP95:0.902|Gap:0.048  AURC:0.00552
Epoch 35 [0/22] Loss(NLL): 12.830787
Epoch 35 [20/22] Loss(NLL): 68.693344
Epoch 35 Train NLL: 15.510557
VAL  RMSE:0.0121  MAE:0.0107  IC:0.6391  RIC:0.5351  NLL:-2.76893  CRPS:0.00775  Sharp(σ):0.00710  PICP90:0.566|Gap:0.334  PICP95:0.705|Gap:0.245  AURC:0.01115
Epoch 36 [0/22] Loss(NLL): 32.570652
Epoch 36 [20/22] Loss(NLL): 48.043312
Epoch 36 Train NLL: 15.157926
VAL  RMSE:0.0109  MAE:0.0097  IC:0.7425  RIC:0.6234  NLL:-2.99986  CRPS:0.00670  Sharp(σ):0.00748  PICP90:0.694|Gap:0.206  PICP95:0.821|Gap:0.129  AURC:0.00892
Epoch 37 [0/22] Loss(NLL): 12.543608
Epoch 37 [20/22] Loss(NLL): 35.140034
Epoch 37 Train NLL: 20.537922
VAL  RMSE:0.0086  MAE:0.0073  IC:0.6951  RIC:0.6007  NLL:-3.28534  CRPS:0.00503  Sharp(σ):0.00724  PICP90:0.815|Gap:0.085  PICP95:0.902|Gap:0.048  AURC:0.00759
Epoch 38 [0/22] Loss(NLL): 14.585546
Epoch 38 [20/22] Loss(NLL): 35.078087
Epoch 38 Train NLL: 17.920356
VAL  RMSE:0.0058  MAE:0.0047  IC:0.6736  RIC:0.5818  NLL:-3.62675  CRPS:0.00335  Sharp(σ):0.00733  PICP90:0.960|Gap:0.060  PICP95:0.988|Gap:0.038  AURC:0.00578
--- New best model (by VAL NLL) ---
Epoch 39 [0/22] Loss(NLL): 23.263073
Epoch 39 [20/22] Loss(NLL): 23.190342
Epoch 39 Train NLL: 9.972418
VAL  RMSE:0.0091  MAE:0.0077  IC:0.7262  RIC:0.6482  NLL:-3.32470  CRPS:0.00536  Sharp(σ):0.00717  PICP90:0.792|Gap:0.108  PICP95:0.896|Gap:0.054  AURC:0.00736
Epoch 40 [0/22] Loss(NLL): 12.945006
Epoch 40 [20/22] Loss(NLL): 29.078434
Epoch 40 Train NLL: 8.836885
VAL  RMSE:0.0053  MAE:0.0042  IC:0.7598  RIC:0.6522  NLL:-3.70776  CRPS:0.00306  Sharp(σ):0.00687  PICP90:0.971|Gap:0.071  PICP95:0.988|Gap:0.038  AURC:0.00470
--- New best model (by VAL NLL) ---
Epoch 41 [0/22] Loss(NLL): 8.003054
Epoch 41 [20/22] Loss(NLL): 18.733753
Epoch 41 Train NLL: 3.449415
VAL  RMSE:0.0055  MAE:0.0044  IC:0.8010  RIC:0.7003  NLL:-3.72338  CRPS:0.00320  Sharp(σ):0.00727  PICP90:0.960|Gap:0.060  PICP95:0.994|Gap:0.044  AURC:0.00513
--- New best model (by VAL NLL) ---
Epoch 42 [0/22] Loss(NLL): 18.800949
Epoch 42 [20/22] Loss(NLL): 22.646086
Epoch 42 Train NLL: 10.394577
VAL  RMSE:0.0076  MAE:0.0063  IC:0.7344  RIC:0.6441  NLL:-3.52271  CRPS:0.00441  Sharp(σ):0.00712  PICP90:0.867|Gap:0.033  PICP95:0.936|Gap:0.014  AURC:0.00663
Epoch 43 [0/22] Loss(NLL): 11.786256
Epoch 43 [20/22] Loss(NLL): 15.729261
Epoch 43 Train NLL: 3.414115
VAL  RMSE:0.0049  MAE:0.0039  IC:0.8099  RIC:0.7337  NLL:-3.78903  CRPS:0.00286  Sharp(σ):0.00695  PICP90:0.977|Gap:0.077  PICP95:0.988|Gap:0.038  AURC:0.00464
--- New best model (by VAL NLL) ---
Epoch 44 [0/22] Loss(NLL): 17.745575
Epoch 44 [20/22] Loss(NLL): 14.923228
Epoch 44 Train NLL: 6.669582
VAL  RMSE:0.0102  MAE:0.0090  IC:0.7855  RIC:0.6997  NLL:-3.08299  CRPS:0.00626  Sharp(σ):0.00709  PICP90:0.711|Gap:0.189  PICP95:0.838|Gap:0.112  AURC:0.00973
Epoch 45 [0/22] Loss(NLL): 10.372987
Epoch 45 [20/22] Loss(NLL): 23.661301
Epoch 45 Train NLL: 6.191076
VAL  RMSE:0.0049  MAE:0.0039  IC:0.8053  RIC:0.7049  NLL:-3.83317  CRPS:0.00285  Sharp(σ):0.00679  PICP90:0.994|Gap:0.094  PICP95:0.994|Gap:0.044  AURC:0.00417
--- New best model (by VAL NLL) ---
Epoch 46 [0/22] Loss(NLL): 9.092924
Epoch 46 [20/22] Loss(NLL): 17.160254
Epoch 46 Train NLL: 2.170702
VAL  RMSE:0.0073  MAE:0.0060  IC:0.6795  RIC:0.5696  NLL:-3.61348  CRPS:0.00416  Sharp(σ):0.00728  PICP90:0.902|Gap:0.002  PICP95:0.960|Gap:0.010  AURC:0.00553
Epoch 47 [0/22] Loss(NLL): 15.087983
Epoch 47 [20/22] Loss(NLL): 16.502718
Epoch 47 Train NLL: 8.981226
VAL  RMSE:0.0087  MAE:0.0074  IC:0.7502  RIC:0.6606  NLL:-3.41805  CRPS:0.00508  Sharp(σ):0.00741  PICP90:0.838|Gap:0.062  PICP95:0.919|Gap:0.031  AURC:0.00787
Epoch 48 [0/22] Loss(NLL): 11.670197
Epoch 48 [20/22] Loss(NLL): 19.480696
Epoch 48 Train NLL: 7.032244
VAL  RMSE:0.0050  MAE:0.0041  IC:0.7797  RIC:0.6971  NLL:-3.80179  CRPS:0.00291  Sharp(σ):0.00651  PICP90:0.960|Gap:0.060  PICP95:0.983|Gap:0.033  AURC:0.00470
Epoch 49 [0/22] Loss(NLL): 9.744303
Epoch 49 [20/22] Loss(NLL): 12.033872
Epoch 49 Train NLL: 2.416853
VAL  RMSE:0.0080  MAE:0.0068  IC:0.8235  RIC:0.7433  NLL:-3.33093  CRPS:0.00462  Sharp(σ):0.00729  PICP90:0.896|Gap:0.004  PICP95:0.954|Gap:0.004  AURC:0.00753
Epoch 50 [0/22] Loss(NLL): 6.756137
Epoch 50 [20/22] Loss(NLL): 16.095278
Epoch 50 Train NLL: 5.352484
VAL  RMSE:0.0055  MAE:0.0045  IC:0.8509  RIC:0.7729  NLL:-3.72852  CRPS:0.00320  Sharp(σ):0.00713  PICP90:0.983|Gap:0.083  PICP95:0.994|Gap:0.044  AURC:0.00471
Epoch 51 [0/22] Loss(NLL): 7.880240
Epoch 51 [20/22] Loss(NLL): 13.663343
Epoch 51 Train NLL: 0.530015
VAL  RMSE:0.0048  MAE:0.0038  IC:0.8229  RIC:0.7432  NLL:-3.82201  CRPS:0.00282  Sharp(σ):0.00709  PICP90:0.994|Gap:0.094  PICP95:0.994|Gap:0.044  AURC:0.00405
Epoch 52 [0/22] Loss(NLL): 14.375825
Epoch 52 [20/22] Loss(NLL): 13.689016
Epoch 52 Train NLL: 6.271237
VAL  RMSE:0.0100  MAE:0.0089  IC:0.7909  RIC:0.6971  NLL:-3.26514  CRPS:0.00604  Sharp(σ):0.00748  PICP90:0.803|Gap:0.097  PICP95:0.896|Gap:0.054  AURC:0.00784
Epoch 53 [0/22] Loss(NLL): 6.327133
Epoch 53 [20/22] Loss(NLL): 28.579830
Epoch 53 Train NLL: 11.928008
VAL  RMSE:0.0053  MAE:0.0042  IC:0.8467  RIC:0.7818  NLL:-3.73507  CRPS:0.00306  Sharp(σ):0.00736  PICP90:0.977|Gap:0.077  PICP95:0.988|Gap:0.038  AURC:0.00477
Epoch 54 [0/22] Loss(NLL): 7.423810
Epoch 54 [20/22] Loss(NLL): 8.486944
Epoch 54 Train NLL: 1.427360
VAL  RMSE:0.0041  MAE:0.0032  IC:0.8748  RIC:0.8166  NLL:-3.79732  CRPS:0.00265  Sharp(σ):0.00801  PICP90:1.000|Gap:0.100  PICP95:1.000|Gap:0.050  AURC:0.00370
Epoch 55 [0/22] Loss(NLL): 10.082371
Epoch 55 [20/22] Loss(NLL): 13.103105
Epoch 55 Train NLL: 4.127165
VAL  RMSE:0.0060  MAE:0.0049  IC:0.8652  RIC:0.7872  NLL:-3.64684  CRPS:0.00343  Sharp(σ):0.00732  PICP90:0.960|Gap:0.060  PICP95:0.988|Gap:0.038  AURC:0.00561
Epoch 56 [0/22] Loss(NLL): 4.304511
Epoch 56 [20/22] Loss(NLL): 13.801764
Epoch 56 Train NLL: 1.111171
VAL  RMSE:0.0046  MAE:0.0036  IC:0.8156  RIC:0.7243  NLL:-3.79608  CRPS:0.00274  Sharp(σ):0.00694  PICP90:0.988|Gap:0.088  PICP95:1.000|Gap:0.050  AURC:0.00441
Epoch 57 [0/22] Loss(NLL): 3.950059
Epoch 57 [20/22] Loss(NLL): 12.451465
Epoch 57 Train NLL: 7.195033
VAL  RMSE:0.0055  MAE:0.0045  IC:0.8392  RIC:0.7827  NLL:-3.70692  CRPS:0.00322  Sharp(σ):0.00733  PICP90:0.983|Gap:0.083  PICP95:1.000|Gap:0.050  AURC:0.00499
Epoch 58 [0/22] Loss(NLL): 6.330411
Epoch 58 [20/22] Loss(NLL): 10.064030
Epoch 58 Train NLL: 2.325600
VAL  RMSE:0.0055  MAE:0.0044  IC:0.8628  RIC:0.7964  NLL:-3.70306  CRPS:0.00316  Sharp(σ):0.00718  PICP90:0.971|Gap:0.071  PICP95:0.988|Gap:0.038  AURC:0.00527
Epoch 59 [0/22] Loss(NLL): 7.939339
Epoch 59 [20/22] Loss(NLL): 8.618767
Epoch 59 Train NLL: 4.852006
VAL  RMSE:0.0076  MAE:0.0062  IC:0.7621  RIC:0.6633  NLL:-3.26008  CRPS:0.00432  Sharp(σ):0.00704  PICP90:0.890|Gap:0.010  PICP95:0.948|Gap:0.002  AURC:0.00578
Epoch 60 [0/22] Loss(NLL): 3.635609
Epoch 60 [20/22] Loss(NLL): 20.673353
Epoch 60 Train NLL: 5.462110
VAL  RMSE:0.0050  MAE:0.0040  IC:0.8630  RIC:0.7919  NLL:-3.73829  CRPS:0.00297  Sharp(σ):0.00728  PICP90:0.983|Gap:0.083  PICP95:0.994|Gap:0.044  AURC:0.00478
Epoch 61 [0/22] Loss(NLL): 4.688142
Epoch 61 [20/22] Loss(NLL): 9.586140
Epoch 61 Train NLL: 1.183870
VAL  RMSE:0.0059  MAE:0.0049  IC:0.7286  RIC:0.6247  NLL:-3.70019  CRPS:0.00341  Sharp(σ):0.00693  PICP90:0.948|Gap:0.048  PICP95:0.988|Gap:0.038  AURC:0.00528
Epoch 62 [0/22] Loss(NLL): 12.482392
Epoch 62 [20/22] Loss(NLL): 8.186071
Epoch 62 Train NLL: 5.522620
VAL  RMSE:0.0082  MAE:0.0072  IC:0.8811  RIC:0.8314  NLL:-3.37634  CRPS:0.00481  Sharp(σ):0.00726  PICP90:0.873|Gap:0.027  PICP95:0.960|Gap:0.010  AURC:0.00711
Epoch 63 [0/22] Loss(NLL): 4.933168
Epoch 63 [20/22] Loss(NLL): 18.627214
Epoch 63 Train NLL: 4.819496
VAL  RMSE:0.0063  MAE:0.0053  IC:0.7702  RIC:0.7107  NLL:-3.69919  CRPS:0.00364  Sharp(σ):0.00724  PICP90:0.960|Gap:0.060  PICP95:0.988|Gap:0.038  AURC:0.00584
Epoch 64 [0/22] Loss(NLL): 6.491778
Epoch 64 [20/22] Loss(NLL): 7.567544
Epoch 64 Train NLL: 4.112714
VAL  RMSE:0.0072  MAE:0.0062  IC:0.8463  RIC:0.7626  NLL:-3.37648  CRPS:0.00417  Sharp(σ):0.00732  PICP90:0.908|Gap:0.008  PICP95:0.954|Gap:0.004  AURC:0.00758
Epoch 65 [0/22] Loss(NLL): 3.495159
Epoch 65 [20/22] Loss(NLL): 18.696558
Epoch 65 Train NLL: 1.179137
VAL  RMSE:0.0094  MAE:0.0086  IC:0.8664  RIC:0.7981  NLL:-3.08948  CRPS:0.00574  Sharp(σ):0.00726  PICP90:0.792|Gap:0.108  PICP95:0.925|Gap:0.025  AURC:0.00788
Early stopping triggered.
TEST RMSE:0.0081  MAE:0.0063  IC:0.7748  RIC:0.7331  NLL:-3.49044  CRPS:0.00454  Sharp(σ):0.00731  PICP90:0.860|Gap:0.040  PICP95:0.902|Gap:0.048  AURC:0.00803

Rolling Window Evaluation Statistics:
        rmse     mae      ic     ric  dir_acc  sharpe  max_drawdown   calmar  \
mean  0.0076  0.0061  0.8175  0.7957   0.7258  8.6889        0.0246  64.0335   
std   0.0016  0.0013  0.0609  0.0678   0.0765  2.6235        0.0096  47.3317   

      hit_rate  turnover  profit_factor  
mean    0.6884    0.9106         4.7102  
std     0.1112    0.2680         2.3506  
